LTspice 24.1.4 for Windows
Circuit: C:\Users\Simon\Projects\MEng Electronics\Development of a Resistojet Thruster\2) Simulations\SPICE Simulations\Loadcell Analogue Signal\LoadCellSignal.net
Start Time: Wed Aug 19 21:54:44 2026
solver = Normal
Maximum thread count: 20
tnom = 27
temp = 27
method = trap
Instance "u1:M12": Length shorter than recommended for a level 1 MOSFET.
Instance "u1:M14": Length shorter than recommended for a level 1 MOSFET.
Direct Newton iteration failed to find .op point.  (Use ".option noopiter" to skip.)
Starting Gmin stepping
Gmin = 10
vernier = 0.5
vernier = 0.25
vernier = 0.125
Gmin = 7.08
vernier = 0.0625
vernier = 0.03125
vernier = 0.015625
vernier = 0.0078125
Gmin = 7.16092
vernier = 0.00390625
vernier = 0.00195312
vernier = 0.000976562
vernier = 0.000488281
Gmin = 7.16878
Gmin = 0
Gmin stepping failed

Starting source stepping with srcstepmethod=0
Source Step = 3.0303%
vernier = 0.25
Source Step = 0.0177557%
Starting source stepping with srcstepmethod=1
Source Step = 3.0303%
vernier = 0.25
Source stepping failed

Pseudo Transient succeeded in finding the operating point at 262.378 ms.
Total elapsed time: 6.378 seconds.

Files loaded:
C:\Users\Simon\Projects\MEng Electronics\Development of a Resistojet Thruster\2) Simulations\SPICE Simulations\Loadcell Analogue Signal\LoadCellSignal.net
C:\Users\Simon\AppData\Local\LTspice\lib\cmp\standard.dio
C:\Users\Simon\Projects\MEng Electronics\Development of a Resistojet Thruster\2) Simulations\SPICE Simulations\Loadcell Analogue Signal\INAx126.lib
C:\Users\Simon\Projects\MEng Electronics\Development of a Resistojet Thruster\2) Simulations\SPICE Simulations\Loadcell Analogue Signal\INA333.lib
C:\Users\Simon\Projects\MEng Electronics\Development of a Resistojet Thruster\2) Simulations\SPICE Simulations\Loadcell Analogue Signal\MCP6021.lib

