../Core/Src/main.c:108:5:main	1
../Core/Src/main.c:167:6:SystemClock_Config	3
../Core/Src/main.c:215:13:MX_ADC1_Init	7
../Core/Src/main.c:310:13:MX_ADC2_Init	3
../Core/Src/main.c:369:13:MX_SPI1_Init	2
../Core/Src/main.c:409:13:MX_TIM2_Init	6
../Core/Src/main.c:468:13:MX_TIM4_Init	7
../Core/Src/main.c:531:13:MX_TIM6_Init	3
../Core/Src/main.c:567:13:MX_DMA_Init	1
../Core/Src/main.c:595:13:MX_GPIO_Init	1
../Core/Src/main.c:648:6:thrusterStartup	1
../Core/Src/main.c:670:6:sensorTask	1
../Core/Src/main.c:674:6:stateTask	1
../Core/Src/main.c:679:6:controlTask	1
../Core/Src/main.c:686:6:valveTask	1
../Core/Src/main.c:697:6:debugLEDTask	1
../Core/Src/main.c:706:6:Error_Handler	1
