../Core/Src/main.c:100:5:main	8	static
../Core/Src/main.c:157:6:SystemClock_Config	88	static
../Core/Src/main.c:205:13:MX_ADC1_Init	56	static
../Core/Src/main.c:300:13:MX_ADC2_Init	40	static
../Core/Src/main.c:359:13:MX_SPI1_Init	8	static
../Core/Src/main.c:399:13:MX_TIM2_Init	64	static
../Core/Src/main.c:458:13:MX_TIM4_Init	64	static
../Core/Src/main.c:521:13:MX_TIM6_Init	24	static
../Core/Src/main.c:557:13:MX_DMA_Init	16	static
../Core/Src/main.c:585:13:MX_GPIO_Init	40	static
../Core/Src/main.c:638:6:thrusterStartUp	8	static
../Core/Src/main.c:661:6:usbTask	8	static
../Core/Src/main.c:667:6:sensorTask	4	static
../Core/Src/main.c:671:6:stateTask	4	static
../Core/Src/main.c:675:6:controlTask	4	static
../Core/Src/main.c:679:6:heaterTask	4	static
../Core/Src/main.c:683:6:valveTask	4	static
../Core/Src/main.c:687:6:debugLEDTask	4	static
../Core/Src/main.c:696:6:Error_Handler	4	static,ignoring_inline_asm
