../Core/Src/main.c:98:5:main	1
../Core/Src/main.c:155:6:SystemClock_Config	3
../Core/Src/main.c:203:13:MX_ADC1_Init	7
../Core/Src/main.c:298:13:MX_ADC2_Init	3
../Core/Src/main.c:357:13:MX_SPI1_Init	2
../Core/Src/main.c:397:13:MX_TIM2_Init	6
../Core/Src/main.c:456:13:MX_TIM4_Init	7
../Core/Src/main.c:519:13:MX_TIM6_Init	3
../Core/Src/main.c:555:13:MX_DMA_Init	1
../Core/Src/main.c:583:13:MX_GPIO_Init	1
../Core/Src/main.c:636:6:thrusterStartUp	1
../Core/Src/main.c:659:6:usbTask	1
../Core/Src/main.c:664:6:sensorTask	1
../Core/Src/main.c:668:6:stateTask	1
../Core/Src/main.c:672:6:controlTask	1
../Core/Src/main.c:676:6:heaterTask	1
../Core/Src/main.c:680:6:valveTask	1
../Core/Src/main.c:684:6:debugLEDTask	1
../Core/Src/main.c:693:6:Error_Handler	1
