../Core/Src/main.c:128:5:main	8	static
../Core/Src/main.c:185:6:SystemClock_Config	88	static
../Core/Src/main.c:233:13:MX_ADC1_Init	56	static
../Core/Src/main.c:328:13:MX_ADC2_Init	40	static
../Core/Src/main.c:387:13:MX_SPI1_Init	8	static
../Core/Src/main.c:427:13:MX_TIM2_Init	64	static
../Core/Src/main.c:486:13:MX_TIM4_Init	64	static
../Core/Src/main.c:549:13:MX_TIM6_Init	24	static
../Core/Src/main.c:585:13:MX_DMA_Init	16	static
../Core/Src/main.c:613:13:MX_GPIO_Init	40	static
../Core/Src/main.c:666:6:thrusterStartUp	8	static
../Core/Src/main.c:689:6:usbTask	8	static
../Core/Src/main.c:695:6:sensorTask	4	static
../Core/Src/main.c:699:6:stateTask	4	static
../Core/Src/main.c:703:6:controlTask	4	static
../Core/Src/main.c:707:6:heaterTask	4	static
../Core/Src/main.c:711:6:valveTask	8	static
../Core/Src/main.c:722:6:debugLEDTask	4	static
../Core/Src/main.c:731:6:Error_Handler	4	static,ignoring_inline_asm
