Archive member included to satisfy reference by file (symbol)

C:/ST/STM32CubeIDE_1.16.1/STM32CubeIDE/plugins/com.st.stm32cube.ide.mcu.externaltools.gnu-tools-for-stm32.12.3.rel1.win32_1.0.200.202406191623/tools/bin/../lib/gcc/arm-none-eabi/12.3.1/../../../../arm-none-eabi/lib/thumb/v7e-m+fp/hard\libc_nano.a(libc_a-exit.o)
                              C:/ST/STM32CubeIDE_1.16.1/STM32CubeIDE/plugins/com.st.stm32cube.ide.mcu.externaltools.gnu-tools-for-stm32.12.3.rel1.win32_1.0.200.202406191623/tools/bin/../lib/gcc/arm-none-eabi/12.3.1/../../../../arm-none-eabi/lib/thumb/v7e-m+fp/hard/crt0.o (exit)
C:/ST/STM32CubeIDE_1.16.1/STM32CubeIDE/plugins/com.st.stm32cube.ide.mcu.externaltools.gnu-tools-for-stm32.12.3.rel1.win32_1.0.200.202406191623/tools/bin/../lib/gcc/arm-none-eabi/12.3.1/../../../../arm-none-eabi/lib/thumb/v7e-m+fp/hard\libc_nano.a(libc_a-nano-vfprintf_float.o)
                              (_printf_float)
C:/ST/STM32CubeIDE_1.16.1/STM32CubeIDE/plugins/com.st.stm32cube.ide.mcu.externaltools.gnu-tools-for-stm32.12.3.rel1.win32_1.0.200.202406191623/tools/bin/../lib/gcc/arm-none-eabi/12.3.1/../../../../arm-none-eabi/lib/thumb/v7e-m+fp/hard\libc_nano.a(libc_a-nano-vfprintf_i.o)
                              C:/ST/STM32CubeIDE_1.16.1/STM32CubeIDE/plugins/com.st.stm32cube.ide.mcu.externaltools.gnu-tools-for-stm32.12.3.rel1.win32_1.0.200.202406191623/tools/bin/../lib/gcc/arm-none-eabi/12.3.1/../../../../arm-none-eabi/lib/thumb/v7e-m+fp/hard\libc_nano.a(libc_a-nano-vfprintf_float.o) (_printf_common)
C:/ST/STM32CubeIDE_1.16.1/STM32CubeIDE/plugins/com.st.stm32cube.ide.mcu.externaltools.gnu-tools-for-stm32.12.3.rel1.win32_1.0.200.202406191623/tools/bin/../lib/gcc/arm-none-eabi/12.3.1/../../../../arm-none-eabi/lib/thumb/v7e-m+fp/hard\libc_nano.a(libc_a-nano-vfscanf_float.o)
                              (_scanf_float)
C:/ST/STM32CubeIDE_1.16.1/STM32CubeIDE/plugins/com.st.stm32cube.ide.mcu.externaltools.gnu-tools-for-stm32.12.3.rel1.win32_1.0.200.202406191623/tools/bin/../lib/gcc/arm-none-eabi/12.3.1/../../../../arm-none-eabi/lib/thumb/v7e-m+fp/hard\libc_nano.a(libc_a-findfp.o)
                              C:/ST/STM32CubeIDE_1.16.1/STM32CubeIDE/plugins/com.st.stm32cube.ide.mcu.externaltools.gnu-tools-for-stm32.12.3.rel1.win32_1.0.200.202406191623/tools/bin/../lib/gcc/arm-none-eabi/12.3.1/../../../../arm-none-eabi/lib/thumb/v7e-m+fp/hard\libc_nano.a(libc_a-exit.o) (__stdio_exit_handler)
C:/ST/STM32CubeIDE_1.16.1/STM32CubeIDE/plugins/com.st.stm32cube.ide.mcu.externaltools.gnu-tools-for-stm32.12.3.rel1.win32_1.0.200.202406191623/tools/bin/../lib/gcc/arm-none-eabi/12.3.1/../../../../arm-none-eabi/lib/thumb/v7e-m+fp/hard\libc_nano.a(libc_a-fwalk.o)
                              C:/ST/STM32CubeIDE_1.16.1/STM32CubeIDE/plugins/com.st.stm32cube.ide.mcu.externaltools.gnu-tools-for-stm32.12.3.rel1.win32_1.0.200.202406191623/tools/bin/../lib/gcc/arm-none-eabi/12.3.1/../../../../arm-none-eabi/lib/thumb/v7e-m+fp/hard\libc_nano.a(libc_a-findfp.o) (_fwalk_sglue)
C:/ST/STM32CubeIDE_1.16.1/STM32CubeIDE/plugins/com.st.stm32cube.ide.mcu.externaltools.gnu-tools-for-stm32.12.3.rel1.win32_1.0.200.202406191623/tools/bin/../lib/gcc/arm-none-eabi/12.3.1/../../../../arm-none-eabi/lib/thumb/v7e-m+fp/hard\libc_nano.a(libc_a-sprintf.o)
                              C:/ST/STM32CubeIDE_1.16.1/STM32CubeIDE/plugins/com.st.stm32cube.ide.mcu.externaltools.gnu-tools-for-stm32.12.3.rel1.win32_1.0.200.202406191623/tools/bin/../lib/gcc/arm-none-eabi/12.3.1/../../../../arm-none-eabi/lib/thumb/v7e-m+fp/hard\libc_nano.a(libc_a-nano-vfscanf_float.o) (sprintf)
C:/ST/STM32CubeIDE_1.16.1/STM32CubeIDE/plugins/com.st.stm32cube.ide.mcu.externaltools.gnu-tools-for-stm32.12.3.rel1.win32_1.0.200.202406191623/tools/bin/../lib/gcc/arm-none-eabi/12.3.1/../../../../arm-none-eabi/lib/thumb/v7e-m+fp/hard\libc_nano.a(libc_a-sscanf.o)
                              ./Core/Src/usb.o (sscanf)
C:/ST/STM32CubeIDE_1.16.1/STM32CubeIDE/plugins/com.st.stm32cube.ide.mcu.externaltools.gnu-tools-for-stm32.12.3.rel1.win32_1.0.200.202406191623/tools/bin/../lib/gcc/arm-none-eabi/12.3.1/../../../../arm-none-eabi/lib/thumb/v7e-m+fp/hard\libc_nano.a(libc_a-stdio.o)
                              C:/ST/STM32CubeIDE_1.16.1/STM32CubeIDE/plugins/com.st.stm32cube.ide.mcu.externaltools.gnu-tools-for-stm32.12.3.rel1.win32_1.0.200.202406191623/tools/bin/../lib/gcc/arm-none-eabi/12.3.1/../../../../arm-none-eabi/lib/thumb/v7e-m+fp/hard\libc_nano.a(libc_a-findfp.o) (__sread)
C:/ST/STM32CubeIDE_1.16.1/STM32CubeIDE/plugins/com.st.stm32cube.ide.mcu.externaltools.gnu-tools-for-stm32.12.3.rel1.win32_1.0.200.202406191623/tools/bin/../lib/gcc/arm-none-eabi/12.3.1/../../../../arm-none-eabi/lib/thumb/v7e-m+fp/hard\libc_nano.a(libc_a-vsnprintf.o)
                              ./Core/Src/usb.o (vsnprintf)
[...]
Memory Configuration

Name             Origin             Length             Attributes
RAM              0x20000000         0x0001c000         xrw
FLASH            0x08000000         0x00040000         xr
*default*        0x00000000         0xffffffff

Linker script and memory map

LOAD C:/ST/STM32CubeIDE_1.16.1/STM32CubeIDE/plugins/com.st.stm32cube.ide.mcu.externaltools.gnu-tools-for-stm32.12.3.rel1.win32_1.0.200.202406191623/tools/bin/../lib/gcc/arm-none-eabi/12.3.1/thumb/v7e-m+fp/hard/crti.o
LOAD C:/ST/STM32CubeIDE_1.16.1/STM32CubeIDE/plugins/com.st.stm32cube.ide.mcu.externaltools.gnu-tools-for-stm32.12.3.rel1.win32_1.0.200.202406191623/tools/bin/../lib/gcc/arm-none-eabi/12.3.1/thumb/v7e-m+fp/hard/crtbegin.o
LOAD C:/ST/STM32CubeIDE_1.16.1/STM32CubeIDE/plugins/com.st.stm32cube.ide.mcu.externaltools.gnu-tools-for-stm32.12.3.rel1.win32_1.0.200.202406191623/tools/bin/../lib/gcc/arm-none-eabi/12.3.1/../../../../arm-none-eabi/lib/thumb/v7e-m+fp/hard/crt0.o
LOAD ./Core/Src/control.o
LOAD ./Core/Src/lookup_tables.o
LOAD ./Core/Src/main.o
LOAD ./Core/Src/sensors.o
LOAD ./Core/Src/stm32g4xx_hal_msp.o
LOAD ./Core/Src/stm32g4xx_it.o
LOAD ./Core/Src/syscalls.o
LOAD ./Core/Src/sysmem.o
LOAD ./Core/Src/system_stm32g4xx.o
LOAD ./Core/Src/usb.o
LOAD ./Core/Startup/startup_stm32g491cctx.o
LOAD ./Drivers/STM32G4xx_HAL_Driver/Src/stm32g4xx_hal.o
LOAD ./Drivers/STM32G4xx_HAL_Driver/Src/stm32g4xx_hal_adc.o
LOAD ./Drivers/STM32G4xx_HAL_Driver/Src/stm32g4xx_hal_adc_ex.o
LOAD ./Drivers/STM32G4xx_HAL_Driver/Src/stm32g4xx_hal_cortex.o
LOAD ./Drivers/STM32G4xx_HAL_Driver/Src/stm32g4xx_hal_dma.o
LOAD ./Drivers/STM32G4xx_HAL_Driver/Src/stm32g4xx_hal_dma_ex.o
LOAD ./Drivers/STM32G4xx_HAL_Driver/Src/stm32g4xx_hal_exti.o
LOAD ./Drivers/STM32G4xx_HAL_Driver/Src/stm32g4xx_hal_flash.o
LOAD ./Drivers/STM32G4xx_HAL_Driver/Src/stm32g4xx_hal_flash_ex.o
LOAD ./Drivers/STM32G4xx_HAL_Driver/Src/stm32g4xx_hal_flash_ramfunc.o
LOAD ./Drivers/STM32G4xx_HAL_Driver/Src/stm32g4xx_hal_gpio.o
LOAD ./Drivers/STM32G4xx_HAL_Driver/Src/stm32g4xx_hal_pcd.o
LOAD ./Drivers/STM32G4xx_HAL_Driver/Src/stm32g4xx_hal_pcd_ex.o
LOAD ./Drivers/STM32G4xx_HAL_Driver/Src/stm32g4xx_hal_pwr.o
LOAD ./Drivers/STM32G4xx_HAL_Driver/Src/stm32g4xx_hal_pwr_ex.o
LOAD ./Drivers/STM32G4xx_HAL_Driver/Src/stm32g4xx_hal_rcc.o
LOAD ./Drivers/STM32G4xx_HAL_Driver/Src/stm32g4xx_hal_rcc_ex.o
LOAD ./Drivers/STM32G4xx_HAL_Driver/Src/stm32g4xx_hal_spi.o
LOAD ./Drivers/STM32G4xx_HAL_Driver/Src/stm32g4xx_hal_spi_ex.o
LOAD ./Drivers/STM32G4xx_HAL_Driver/Src/stm32g4xx_hal_tim.o
LOAD ./Drivers/STM32G4xx_HAL_Driver/Src/stm32g4xx_hal_tim_ex.o
LOAD ./Drivers/STM32G4xx_HAL_Driver/Src/stm32g4xx_ll_adc.o
LOAD ./Drivers/STM32G4xx_HAL_Driver/Src/stm32g4xx_ll_usb.o
LOAD ./Middlewares/ST/STM32_USB_Device_Library/Class/CDC/Src/usbd_cdc.o
LOAD ./Middlewares/ST/STM32_USB_Device_Library/Core/Src/usbd_core.o
LOAD ./Middlewares/ST/STM32_USB_Device_Library/Core/Src/usbd_ctlreq.o
LOAD ./Middlewares/ST/STM32_USB_Device_Library/Core/Src/usbd_ioreq.o
LOAD ./USB_Device/App/usb_device.o
LOAD ./USB_Device/App/usbd_cdc_if.o
LOAD ./USB_Device/App/usbd_desc.o
LOAD ./USB_Device/Target/usbd_conf.o
START GROUP
LOAD C:/ST/STM32CubeIDE_1.16.1/STM32CubeIDE/plugins/com.st.stm32cube.ide.mcu.externaltools.gnu-tools-for-stm32.12.3.rel1.win32_1.0.200.202406191623/tools/bin/../lib/gcc/arm-none-eabi/12.3.1/../../../../arm-none-eabi/lib/thumb/v7e-m+fp/hard\libc_nano.a
LOAD C:/ST/STM32CubeIDE_1.16.1/STM32CubeIDE/plugins/com.st.stm32cube.ide.mcu.externaltools.gnu-tools-for-stm32.12.3.rel1.win32_1.0.200.202406191623/tools/bin/../lib/gcc/arm-none-eabi/12.3.1/../../../../arm-none-eabi/lib/thumb/v7e-m+fp/hard\libm.a
END GROUP
START GROUP
LOAD C:/ST/STM32CubeIDE_1.16.1/STM32CubeIDE/plugins/com.st.stm32cube.ide.mcu.externaltools.gnu-tools-for-stm32.12.3.rel1.win32_1.0.200.202406191623/tools/bin/../lib/gcc/arm-none-eabi/12.3.1/thumb/v7e-m+fp/hard\libgcc.a
LOAD C:/ST/STM32CubeIDE_1.16.1/STM32CubeIDE/plugins/com.st.stm32cube.ide.mcu.externaltools.gnu-tools-for-stm32.12.3.rel1.win32_1.0.200.202406191623/tools/bin/../lib/gcc/arm-none-eabi/12.3.1/../../../../arm-none-eabi/lib/thumb/v7e-m+fp/hard\libc_nano.a
END GROUP
START GROUP
LOAD C:/ST/STM32CubeIDE_1.16.1/STM32CubeIDE/plugins/com.st.stm32cube.ide.mcu.externaltools.gnu-tools-for-stm32.12.3.rel1.win32_1.0.200.202406191623/tools/bin/../lib/gcc/arm-none-eabi/12.3.1/thumb/v7e-m+fp/hard\libgcc.a
LOAD C:/ST/STM32CubeIDE_1.16.1/STM32CubeIDE/plugins/com.st.stm32cube.ide.mcu.externaltools.gnu-tools-for-stm32.12.3.rel1.win32_1.0.200.202406191623/tools/bin/../lib/gcc/arm-none-eabi/12.3.1/../../../../arm-none-eabi/lib/thumb/v7e-m+fp/hard\libc_nano.a
LOAD C:/ST/STM32CubeIDE_1.16.1/STM32CubeIDE/plugins/com.st.stm32cube.ide.mcu.externaltools.gnu-tools-for-stm32.12.3.rel1.win32_1.0.200.202406191623/tools/bin/../lib/gcc/arm-none-eabi/12.3.1/../../../../arm-none-eabi/lib/thumb/v7e-m+fp/hard\libnosys.a
END GROUP
START GROUP
LOAD C:/ST/STM32CubeIDE_1.16.1/STM32CubeIDE/plugins/com.st.stm32cube.ide.mcu.externaltools.gnu-tools-for-stm32.12.3.rel1.win32_1.0.200.202406191623/tools/bin/../lib/gcc/arm-none-eabi/12.3.1/thumb/v7e-m+fp/hard\libgcc.a
LOAD C:/ST/STM32CubeIDE_1.16.1/STM32CubeIDE/plugins/com.st.stm32cube.ide.mcu.externaltools.gnu-tools-for-stm32.12.3.rel1.win32_1.0.200.202406191623/tools/bin/../lib/gcc/arm-none-eabi/12.3.1/../../../../arm-none-eabi/lib/thumb/v7e-m+fp/hard\libc_nano.a
LOAD C:/ST/STM32CubeIDE_1.16.1/STM32CubeIDE/plugins/com.st.stm32cube.ide.mcu.externaltools.gnu-tools-for-stm32.12.3.rel1.win32_1.0.200.202406191623/tools/bin/../lib/gcc/arm-none-eabi/12.3.1/../../../../arm-none-eabi/lib/thumb/v7e-m+fp/hard\libnosys.a
END GROUP
LOAD C:/ST/STM32CubeIDE_1.16.1/STM32CubeIDE/plugins/com.st.stm32cube.ide.mcu.externaltools.gnu-tools-for-stm32.12.3.rel1.win32_1.0.200.202406191623/tools/bin/../lib/gcc/arm-none-eabi/12.3.1/thumb/v7e-m+fp/hard/crtend.o
LOAD C:/ST/STM32CubeIDE_1.16.1/STM32CubeIDE/plugins/com.st.stm32cube.ide.mcu.externaltools.gnu-tools-for-stm32.12.3.rel1.win32_1.0.200.202406191623/tools/bin/../lib/gcc/arm-none-eabi/12.3.1/thumb/v7e-m+fp/hard/crtn.o
                0x2001c000                        _estack = (ORIGIN (RAM) + LENGTH (RAM))
                0x00000200                        _Min_Heap_Size = 0x200
                0x00000400                        _Min_Stack_Size = 0x400

.isr_vector     0x08000000      0x1d8
                0x08000000                        . = ALIGN (0x4)
 *(.isr_vector)
 .isr_vector    0x08000000      0x1d8 ./Core/Startup/startup_stm32g491cctx.o
                0x08000000                g_pfnVectors
                0x080001d8                        . = ALIGN (0x4)

.text           0x080001e0    0x12100
                0x080001e0                        . = ALIGN (0x4)
 *(.text)
 .text          0x080001e0       0x40 C:/ST/STM32CubeIDE_1.16.1/STM32CubeIDE/plugins/com.st.stm32cube.ide.mcu.externaltools.gnu-tools-for-stm32.12.3.rel1.win32_1.0.200.202406191623/tools/bin/../lib/gcc/arm-none-eabi/12.3.1/thumb/v7e-m+fp/hard/crtbegin.o
 .text          0x08000220       0x14 C:/ST/STM32CubeIDE_1.16.1/STM32CubeIDE/plugins/com.st.stm32cube.ide.mcu.externaltools.gnu-tools-for-stm32.12.3.rel1.win32_1.0.200.202406191623/tools/bin/../lib/gcc/arm-none-eabi/12.3.1/../../../../arm-none-eabi/lib/thumb/v7e-m+fp/hard\libc_nano.a(libc_a-strcmp.o)
                0x08000220                strcmp
 *fill*         0x08000234        0xc 
 .text          0x08000240       0xa0 C:/ST/STM32CubeIDE_1.16.1/STM32CubeIDE/plugins/com.st.stm32cube.ide.mcu.externaltools.gnu-tools-for-stm32.12.3.rel1.win32_1.0.200.202406191623/tools/bin/../lib/gcc/arm-none-eabi/12.3.1/../../../../arm-none-eabi/lib/thumb/v7e-m+fp/hard\libc_nano.a(libc_a-memchr.o)
                0x08000240                memchr
 .text          0x080002e0       0x10 C:/ST/STM32CubeIDE_1.16.1/STM32CubeIDE/plugins/com.st.stm32cube.ide.mcu.externaltools.gnu-tools-for-stm32.12.3.rel1.win32_1.0.200.202406191623/tools/bin/../lib/gcc/arm-none-eabi/12.3.1/../../../../arm-none-eabi/lib/thumb/v7e-m+fp/hard\libc_nano.a(libc_a-strlen.o)
                0x080002e0                strlen
 .text          0x080002f0      0x378 C:/ST/STM32CubeIDE_1.16.1/STM32CubeIDE/plugins/com.st.stm32cube.ide.mcu.externaltools.gnu-tools-for-stm32.12.3.rel1.win32_1.0.200.202406191623/tools/bin/../lib/gcc/arm-none-eabi/12.3.1/thumb/v7e-m+fp/hard\libgcc.a(_arm_addsubdf3.o)
                0x080002f0                __aeabi_drsub
                0x080002f8                __aeabi_dsub
                0x080002f8                __subdf3
                0x080002fc                __aeabi_dadd
                0x080002fc                __adddf3
                0x08000574                __floatunsidf
                0x08000574                __aeabi_ui2d
                0x08000594                __floatsidf
                0x08000594                __aeabi_i2d
                0x080005b8                __aeabi_f2d
                0x080005b8                __extendsfdf2
                0x080005fc                __floatundidf
                0x080005fc                __aeabi_ul2d
                0x0800060c                __floatdidf
                0x0800060c                __aeabi_l2d
 .text          0x08000668      0x424 C:/ST/STM32CubeIDE_1.16.1/STM32CubeIDE/plugins/com.st.stm32cube.ide.mcu.externaltools.gnu-tools-for-stm32.12.3.rel1.win32_1.0.200.202406191623/tools/bin/../lib/gcc/arm-none-eabi/12.3.1/thumb/v7e-m+fp/hard\libgcc.a(_arm_muldivdf3.o)
                0x08000668                __aeabi_dmul
                0x08000668                __muldf3
                0x080008bc                __divdf3
                0x080008bc                __aeabi_ddiv
 .text          0x08000a8c      0x110 C:/ST/STM32CubeIDE_1.16.1/STM32CubeIDE/plugins/com.st.stm32cube.ide.mcu.externaltools.gnu-tools-for-stm32.12.3.rel1.win32_1.0.200.202406191623/tools/bin/../lib/gcc/arm-none-eabi/12.3.1/thumb/v7e-m+fp/hard\libgcc.a(_arm_cmpdf2.o)
                0x08000a8c                __gtdf2
                0x08000a8c                __gedf2
                0x08000a94                __ltdf2
                0x08000a94                __ledf2
                0x08000a9c                __nedf2
                0x08000a9c                __eqdf2
                0x08000a9c                __cmpdf2
                0x08000b18                __aeabi_cdrcmple
                0x08000b28                __aeabi_cdcmpeq
                0x08000b28                __aeabi_cdcmple
                0x08000b38                __aeabi_dcmpeq
                0x08000b4c                __aeabi_dcmplt
                0x08000b60                __aeabi_dcmple
                0x08000b74                __aeabi_dcmpge
                0x08000b88                __aeabi_dcmpgt
 .text          0x08000b9c       0x2c C:/ST/STM32CubeIDE_1.16.1/STM32CubeIDE/plugins/com.st.stm32cube.ide.mcu.externaltools.gnu-tools-for-stm32.12.3.rel1.win32_1.0.200.202406191623/tools/bin/../lib/gcc/arm-none-eabi/12.3.1/thumb/v7e-m+fp/hard\libgcc.a(_arm_unorddf2.o)
                0x08000b9c                __unorddf2
                0x08000b9c                __aeabi_dcmpun
 .text          0x08000bc8       0x50 C:/ST/STM32CubeIDE_1.16.1/STM32CubeIDE/plugins/com.st.stm32cube.ide.mcu.externaltools.gnu-tools-for-stm32.12.3.rel1.win32_1.0.200.202406191623/tools/bin/../lib/gcc/arm-none-eabi/12.3.1/thumb/v7e-m+fp/hard\libgcc.a(_arm_fixdfsi.o)
                0x08000bc8                __aeabi_d2iz
                0x08000bc8                __fixdfsi
 .text          0x08000c18       0x40 C:/ST/STM32CubeIDE_1.16.1/STM32CubeIDE/plugins/com.st.stm32cube.ide.mcu.externaltools.gnu-tools-for-stm32.12.3.rel1.win32_1.0.200.202406191623/tools/bin/../lib/gcc/arm-none-eabi/12.3.1/thumb/v7e-m+fp/hard\libgcc.a(_arm_fixunsdfsi.o)
                0x08000c18                __aeabi_d2uiz
                0x08000c18                __fixunsdfsi
 .text          0x08000c58       0xa0 C:/ST/STM32CubeIDE_1.16.1/STM32CubeIDE/plugins/com.st.stm32cube.ide.mcu.externaltools.gnu-tools-for-stm32.12.3.rel1.win32_1.0.200.202406191623/tools/bin/../lib/gcc/arm-none-eabi/12.3.1/thumb/v7e-m+fp/hard\libgcc.a(_arm_truncdfsf2.o)
                0x08000c58                __truncdfsf2
                0x08000c58                __aeabi_d2f
 .text          0x08000cf8       0x30 C:/ST/STM32CubeIDE_1.16.1/STM32CubeIDE/plugins/com.st.stm32cube.ide.mcu.externaltools.gnu-tools-for-stm32.12.3.rel1.win32_1.0.200.202406191623/tools/bin/../lib/gcc/arm-none-eabi/12.3.1/thumb/v7e-m+fp/hard\libgcc.a(_fixdfdi.o)
                0x08000cf8                __fixdfdi
                0x08000cf8                __aeabi_d2lz
 .text          0x08000d28       0x3c C:/ST/STM32CubeIDE_1.16.1/STM32CubeIDE/plugins/com.st.stm32cube.ide.mcu.externaltools.gnu-tools-for-stm32.12.3.rel1.win32_1.0.200.202406191623/tools/bin/../lib/gcc/arm-none-eabi/12.3.1/thumb/v7e-m+fp/hard\libgcc.a(_fixunsdfdi.o)
                0x08000d28                __fixunsdfdi
                0x08000d28                __aeabi_d2ulz
 *(.text*)
 .text.PIDFunc  0x08000d64        0xe ./Core/Src/control.o
                0x08000d64                PIDFunc
 *fill*         0x08000d72        0x2 
 .text.settlingFunc
                0x08000d74       0xec ./Core/Src/control.o
                0x08000d74                settlingFunc
 .text.primingFunc
                0x08000e60      0x138 ./Core/Src/control.o
                0x08000e60                primingFunc
 .text.firingFunc
                0x08000f98       0xac ./Core/Src/control.o
                0x08000f98                firingFunc
 .text.thrusterModeToString
                0x08001044       0x48 ./Core/Src/control.o
                0x08001044                thrusterModeToString
 .text.thrusterStateToString
                0x0800108c       0x8c ./Core/Src/control.o
                0x0800108c                thrusterStateToString
 .text.thrusterModeHandler
                0x08001118      0x104 ./Core/Src/control.o
                0x08001118                thrusterModeHandler
 .text.thrusterStateHandler
                0x0800121c      0x7a8 ./Core/Src/control.o
                0x0800121c                thrusterStateHandler
 .text.interpolateLinear
                0x080019c4       0x7c ./Core/Src/lookup_tables.o
                0x080019c4                interpolateLinear
 .text.lookupDensity
                0x08001a40      0x174 ./Core/Src/lookup_tables.o
                0x08001a40                lookupDensity
 .text.lookupPressure
                0x08001bb4      0x174 ./Core/Src/lookup_tables.o
                0x08001bb4                lookupPressure
 .text.main     0x08001d28       0x54 ./Core/Src/main.o
                0x08001d28                main
 .text.SystemClock_Config
                0x08001d7c       0x9c ./Core/Src/main.o
                0x08001d7c                SystemClock_Config
 .text.MX_ADC1_Init
                0x08001e18      0x154 ./Core/Src/main.o
 .text.MX_ADC2_Init
                0x08001f6c       0xd0 ./Core/Src/main.o
 .text.MX_SPI1_Init
                0x0800203c       0x7c ./Core/Src/main.o
 .text.MX_TIM2_Init
                0x080020b8       0xec ./Core/Src/main.o
 .text.MX_TIM4_Init
                0x080021a4      0x104 ./Core/Src/main.o
 .text.MX_TIM6_Init
                0x080022a8       0x6c ./Core/Src/main.o
 .text.MX_DMA_Init
                0x08002314       0x84 ./Core/Src/main.o
 .text.MX_GPIO_Init
                0x08002398       0xf0 ./Core/Src/main.o
 .text.thrusterStartup
                0x08002488       0x9c ./Core/Src/main.o
                0x08002488                thrusterStartup
 .text.sensorTask
                0x08002524        0xe ./Core/Src/main.o
                0x08002524                sensorTask
 .text.stateTask
                0x08002532       0x10 ./Core/Src/main.o
                0x08002532                stateTask
 .text.controlTask
                0x08002542       0x18 ./Core/Src/main.o
                0x08002542                controlTask
 *fill*         0x0800255a        0x2 
 .text.valveTask
                0x0800255c       0x60 ./Core/Src/main.o
                0x0800255c                valveTask
 .text.debugLEDTask
                0x080025bc        0xe ./Core/Src/main.o
                0x080025bc                debugLEDTask
 .text.Error_Handler
                0x080025ca        0xc ./Core/Src/main.o
                0x080025ca                Error_Handler
 *fill*         0x080025d6        0x2 
 .text.HAL_MspInit
                0x080025d8       0x48 ./Core/Src/stm32g4xx_hal_msp.o
                0x080025d8                HAL_MspInit
 .text.HAL_ADC_MspInit
                0x08002620      0x208 ./Core/Src/stm32g4xx_hal_msp.o
                0x08002620                HAL_ADC_MspInit
 .text.HAL_SPI_MspInit
                0x08002828      0x13c ./Core/Src/stm32g4xx_hal_msp.o
                0x08002828                HAL_SPI_MspInit
 .text.HAL_TIM_Base_MspInit
                0x08002964       0x8c ./Core/Src/stm32g4xx_hal_msp.o
                0x08002964                HAL_TIM_Base_MspInit
 .text.HAL_TIM_MspPostInit
                0x080029f0       0xb4 ./Core/Src/stm32g4xx_hal_msp.o
                0x080029f0                HAL_TIM_MspPostInit
 .text.NMI_Handler
                0x08002aa4        0x8 ./Core/Src/stm32g4xx_it.o
                0x08002aa4                NMI_Handler
 .text.HardFault_Handler
                0x08002aac        0x8 ./Core/Src/stm32g4xx_it.o
                0x08002aac                HardFault_Handler
 .text.MemManage_Handler
                0x08002ab4        0x8 ./Core/Src/stm32g4xx_it.o
                0x08002ab4                MemManage_Handler
 .text.BusFault_Handler
                0x08002abc        0x8 ./Core/Src/stm32g4xx_it.o
                0x08002abc                BusFault_Handler
 .text.UsageFault_Handler
                0x08002ac4        0x8 ./Core/Src/stm32g4xx_it.o
                0x08002ac4                UsageFault_Handler
 .text.SVC_Handler
                0x08002acc        0xe ./Core/Src/stm32g4xx_it.o
                0x08002acc                SVC_Handler
 .text.DebugMon_Handler
                0x08002ada        0xe ./Core/Src/stm32g4xx_it.o
                0x08002ada                DebugMon_Handler
 .text.PendSV_Handler
                0x08002ae8        0xe ./Core/Src/stm32g4xx_it.o
                0x08002ae8                PendSV_Handler
 .text.SysTick_Handler
                0x08002af6        0xc ./Core/Src/stm32g4xx_it.o
                0x08002af6                SysTick_Handler
 *fill*         0x08002b02        0x2 
 .text.DMA1_Channel1_IRQHandler
                0x08002b04       0x14 ./Core/Src/stm32g4xx_it.o
                0x08002b04                DMA1_Channel1_IRQHandler
 .text.DMA1_Channel2_IRQHandler
                0x08002b18       0x14 ./Core/Src/stm32g4xx_it.o
                0x08002b18                DMA1_Channel2_IRQHandler
 .text.DMA1_Channel3_IRQHandler
                0x08002b2c       0x14 ./Core/Src/stm32g4xx_it.o
                0x08002b2c                DMA1_Channel3_IRQHandler
 .text.DMA1_Channel4_IRQHandler
                0x08002b40       0x14 ./Core/Src/stm32g4xx_it.o
                0x08002b40                DMA1_Channel4_IRQHandler
 .text.USB_LP_IRQHandler
                0x08002b54       0x14 ./Core/Src/stm32g4xx_it.o
                0x08002b54                USB_LP_IRQHandler
 .text._getpid  0x08002b68       0x10 ./Core/Src/syscalls.o
                0x08002b68                _getpid
 .text._kill    0x08002b78       0x20 ./Core/Src/syscalls.o
                0x08002b78                _kill
 .text._exit    0x08002b98       0x16 ./Core/Src/syscalls.o
                0x08002b98                _exit
 .text._read    0x08002bae       0x3a ./Core/Src/syscalls.o
                0x08002bae                _read
 .text._write   0x08002be8       0x38 ./Core/Src/syscalls.o
                0x08002be8                _write
 .text._close   0x08002c20       0x18 ./Core/Src/syscalls.o
                0x08002c20                _close
 .text._fstat   0x08002c38       0x20 ./Core/Src/syscalls.o
                0x08002c38                _fstat
 .text._isatty  0x08002c58       0x16 ./Core/Src/syscalls.o
                0x08002c58                _isatty
 .text._lseek   0x08002c6e       0x1a ./Core/Src/syscalls.o
                0x08002c6e                _lseek
 .text._sbrk    0x08002c88       0x6c ./Core/Src/sysmem.o
                0x08002c88                _sbrk
 .text.SystemInit
                0x08002cf4       0x24 ./Core/Src/system_stm32g4xx.o
                0x08002cf4                SystemInit
 .text.USB_Transmit
                0x08002d18       0x54 ./Core/Src/usb.o
                0x08002d18                USB_Transmit
 .text.USB_Receive
                0x08002d6c       0x40 ./Core/Src/usb.o
                0x08002d6c                USB_Receive
 .text.usbStreamTask
                0x08002dac       0xcc ./Core/Src/usb.o
                0x08002dac                usbStreamTask
 .text.resetAllRequests
                0x08002e78       0xb8 ./Core/Src/usb.o
                0x08002e78                resetAllRequests
 .text.usbCommandTask
                0x08002f30      0x314 ./Core/Src/usb.o
                0x08002f30                usbCommandTask
 .text.Reset_Handler
                0x08003244       0x50 ./Core/Startup/startup_stm32g491cctx.o
                0x08003244                Reset_Handler
 .text.Default_Handler
                0x08003294        0x2 ./Core/Startup/startup_stm32g491cctx.o
                0x08003294                RTC_Alarm_IRQHandler
                0x08003294                EXTI2_IRQHandler
                0x08003294                TIM8_TRG_COM_IRQHandler
                0x08003294                TIM8_CC_IRQHandler
                0x08003294                TIM1_CC_IRQHandler
                0x08003294                USB_HP_IRQHandler
                0x08003294                CORDIC_IRQHandler
                0x08003294                DMA2_Channel8_IRQHandler
                0x08003294                EXTI3_IRQHandler
                0x08003294                I2C3_ER_IRQHandler
                0x08003294                EXTI0_IRQHandler
                0x08003294                I2C2_EV_IRQHandler
                0x08003294                FPU_IRQHandler
                0x08003294                FDCAN1_IT1_IRQHandler
                0x08003294                TIM1_UP_TIM16_IRQHandler
                0x08003294                ADC1_2_IRQHandler
                0x08003294                SPI1_IRQHandler
                0x08003294                TIM6_DAC_IRQHandler
                0x08003294                TIM8_UP_IRQHandler
                0x08003294                DMA2_Channel2_IRQHandler
                0x08003294                TIM20_TRG_COM_IRQHandler
                0x08003294                USART3_IRQHandler
                0x08003294                DMA1_Channel7_IRQHandler
                0x08003294                UART5_IRQHandler
                0x08003294                ADC3_IRQHandler
                0x08003294                TIM4_IRQHandler
                0x08003294                DMA2_Channel1_IRQHandler
                0x08003294                QUADSPI_IRQHandler
                0x08003294                I2C1_EV_IRQHandler
                0x08003294                DMA1_Channel6_IRQHandler
                0x08003294                UART4_IRQHandler
                0x08003294                DMA2_Channel4_IRQHandler
                0x08003294                TIM3_IRQHandler
                0x08003294                RCC_IRQHandler
                0x08003294                TIM20_UP_IRQHandler
                0x08003294                Default_Handler
                0x08003294                DMA2_Channel7_IRQHandler
                0x08003294                RTC_TAMP_LSECSS_IRQHandler
                0x08003294                FMAC_IRQHandler
                0x08003294                EXTI15_10_IRQHandler
                0x08003294                DMA1_Channel8_IRQHandler
                0x08003294                TIM7_IRQHandler
                0x08003294                UCPD1_IRQHandler
                0x08003294                I2C3_EV_IRQHandler
                0x08003294                EXTI9_5_IRQHandler
                0x08003294                RTC_WKUP_IRQHandler
                0x08003294                PVD_PVM_IRQHandler
                0x08003294                SPI2_IRQHandler
                0x08003294                DMA2_Channel5_IRQHandler
                0x08003294                CRS_IRQHandler
                0x08003294                DMA1_Channel5_IRQHandler
                0x08003294                EXTI4_IRQHandler
                0x08003294                RNG_IRQHandler
                0x08003294                TIM1_TRG_COM_TIM17_IRQHandler
                0x08003294                FDCAN2_IT1_IRQHandler
                0x08003294                WWDG_IRQHandler
                0x08003294                FDCAN2_IT0_IRQHandler
                0x08003294                LPUART1_IRQHandler
                0x08003294                DMA2_Channel6_IRQHandler
                0x08003294                FDCAN1_IT0_IRQHandler
                0x08003294                TIM2_IRQHandler
                0x08003294                COMP1_2_3_IRQHandler
                0x08003294                EXTI1_IRQHandler
                0x08003294                USART2_IRQHandler
                0x08003294                TIM20_BRK_IRQHandler
                0x08003294                I2C2_ER_IRQHandler
                0x08003294                TIM8_BRK_IRQHandler
                0x08003294                FLASH_IRQHandler
                0x08003294                TIM20_CC_IRQHandler
                0x08003294                USART1_IRQHandler
                0x08003294                SPI3_IRQHandler
                0x08003294                I2C1_ER_IRQHandler
                0x08003294                LPTIM1_IRQHandler
                0x08003294                DMAMUX_OVR_IRQHandler
                0x08003294                USBWakeUp_IRQHandler
                0x08003294                SAI1_IRQHandler
                0x08003294                DMA2_Channel3_IRQHandler
                0x08003294                COMP4_IRQHandler
                0x08003294                TIM1_BRK_TIM15_IRQHandler
 .text.HAL_Init
                0x08003296       0x30 ./Drivers/STM32G4xx_HAL_Driver/Src/stm32g4xx_hal.o
                0x08003296                HAL_Init
 *fill*         0x080032c6        0x2 
 .text.HAL_InitTick
                0x080032c8       0x74 ./Drivers/STM32G4xx_HAL_Driver/Src/stm32g4xx_hal.o
                0x080032c8                HAL_InitTick
 .text.HAL_IncTick
                0x0800333c       0x24 ./Drivers/STM32G4xx_HAL_Driver/Src/stm32g4xx_hal.o
                0x0800333c                HAL_IncTick
 .text.HAL_GetTick
                0x08003360       0x18 ./Drivers/STM32G4xx_HAL_Driver/Src/stm32g4xx_hal.o
                0x08003360                HAL_GetTick
 .text.LL_ADC_SetCommonClock
                0x08003378       0x26 ./Drivers/STM32G4xx_HAL_Driver/Src/stm32g4xx_hal_adc.o
 .text.LL_ADC_SetCommonPathInternalCh
                0x0800339e       0x26 ./Drivers/STM32G4xx_HAL_Driver/Src/stm32g4xx_hal_adc.o
 .text.LL_ADC_GetCommonPathInternalCh
                0x080033c4       0x1c ./Drivers/STM32G4xx_HAL_Driver/Src/stm32g4xx_hal_adc.o
 .text.LL_ADC_SetOffset
                0x080033e0       0x48 ./Drivers/STM32G4xx_HAL_Driver/Src/stm32g4xx_hal_adc.o
 .text.LL_ADC_GetOffsetChannel
                0x08003428       0x2c ./Drivers/STM32G4xx_HAL_Driver/Src/stm32g4xx_hal_adc.o
 .text.LL_ADC_SetOffsetState
                0x08003454       0x36 ./Drivers/STM32G4xx_HAL_Driver/Src/stm32g4xx_hal_adc.o
 .text.LL_ADC_SetOffsetSign
                0x0800348a       0x36 ./Drivers/STM32G4xx_HAL_Driver/Src/stm32g4xx_hal_adc.o
 .text.LL_ADC_SetOffsetSaturation
                0x080034c0       0x36 ./Drivers/STM32G4xx_HAL_Driver/Src/stm32g4xx_hal_adc.o
 .text.LL_ADC_SetSamplingTimeCommonConfig
                0x080034f6       0x26 ./Drivers/STM32G4xx_HAL_Driver/Src/stm32g4xx_hal_adc.o
 .text.LL_ADC_REG_IsTriggerSourceSWStart
                0x0800351c       0x26 ./Drivers/STM32G4xx_HAL_Driver/Src/stm32g4xx_hal_adc.o
 .text.LL_ADC_REG_SetSequencerRanks
                0x08003542       0x58 ./Drivers/STM32G4xx_HAL_Driver/Src/stm32g4xx_hal_adc.o
 .text.LL_ADC_SetChannelSamplingTime
                0x0800359a       0x56 ./Drivers/STM32G4xx_HAL_Driver/Src/stm32g4xx_hal_adc.o
 .text.LL_ADC_SetChannelSingleDiff
                0x080035f0       0x48 ./Drivers/STM32G4xx_HAL_Driver/Src/stm32g4xx_hal_adc.o
 .text.LL_ADC_GetMultimode
                0x08003638       0x1c ./Drivers/STM32G4xx_HAL_Driver/Src/stm32g4xx_hal_adc.o
 .text.LL_ADC_DisableDeepPowerDown
                0x08003654       0x24 ./Drivers/STM32G4xx_HAL_Driver/Src/stm32g4xx_hal_adc.o
 .text.LL_ADC_IsDeepPowerDownEnabled
                0x08003678       0x28 ./Drivers/STM32G4xx_HAL_Driver/Src/stm32g4xx_hal_adc.o
 .text.LL_ADC_EnableInternalRegulator
                0x080036a0       0x28 ./Drivers/STM32G4xx_HAL_Driver/Src/stm32g4xx_hal_adc.o
 .text.LL_ADC_IsInternalRegulatorEnabled
                0x080036c8       0x28 ./Drivers/STM32G4xx_HAL_Driver/Src/stm32g4xx_hal_adc.o
 .text.LL_ADC_Enable
                0x080036f0       0x28 ./Drivers/STM32G4xx_HAL_Driver/Src/stm32g4xx_hal_adc.o
 .text.LL_ADC_IsEnabled
                0x08003718       0x26 ./Drivers/STM32G4xx_HAL_Driver/Src/stm32g4xx_hal_adc.o
 .text.LL_ADC_REG_StartConversion
                0x0800373e       0x28 ./Drivers/STM32G4xx_HAL_Driver/Src/stm32g4xx_hal_adc.o
 .text.LL_ADC_REG_IsConversionOngoing
                0x08003766       0x26 ./Drivers/STM32G4xx_HAL_Driver/Src/stm32g4xx_hal_adc.o
 .text.LL_ADC_INJ_IsConversionOngoing
                0x0800378c       0x26 ./Drivers/STM32G4xx_HAL_Driver/Src/stm32g4xx_hal_adc.o
 *fill*         0x080037b2        0x2 
 .text.HAL_ADC_Init
                0x080037b4      0x35c ./Drivers/STM32G4xx_HAL_Driver/Src/stm32g4xx_hal_adc.o
                0x080037b4                HAL_ADC_Init
 .text.HAL_ADC_Start_DMA
                0x08003b10      0x194 ./Drivers/STM32G4xx_HAL_Driver/Src/stm32g4xx_hal_adc.o
                0x08003b10                HAL_ADC_Start_DMA
 .text.HAL_ADC_ConvCpltCallback
                0x08003ca4       0x14 ./Drivers/STM32G4xx_HAL_Driver/Src/stm32g4xx_hal_adc.o
                0x08003ca4                HAL_ADC_ConvCpltCallback
 .text.HAL_ADC_ConvHalfCpltCallback
                0x08003cb8       0x14 ./Drivers/STM32G4xx_HAL_Driver/Src/stm32g4xx_hal_adc.o
                0x08003cb8                HAL_ADC_ConvHalfCpltCallback
 .text.HAL_ADC_ErrorCallback
                0x08003ccc       0x14 ./Drivers/STM32G4xx_HAL_Driver/Src/stm32g4xx_hal_adc.o
                0x08003ccc                HAL_ADC_ErrorCallback
 .text.HAL_ADC_ConfigChannel
                0x08003ce0      0x858 ./Drivers/STM32G4xx_HAL_Driver/Src/stm32g4xx_hal_adc.o
                0x08003ce0                HAL_ADC_ConfigChannel
 .text.ADC_Enable
                0x08004538      0x12c ./Drivers/STM32G4xx_HAL_Driver/Src/stm32g4xx_hal_adc.o
                0x08004538                ADC_Enable
 .text.ADC_DMAConvCplt
                0x08004664       0xd8 ./Drivers/STM32G4xx_HAL_Driver/Src/stm32g4xx_hal_adc.o
                0x08004664                ADC_DMAConvCplt
 .text.ADC_DMAHalfConvCplt
                0x0800473c       0x1c ./Drivers/STM32G4xx_HAL_Driver/Src/stm32g4xx_hal_adc.o
                0x0800473c                ADC_DMAHalfConvCplt
 .text.ADC_DMAError
                0x08004758       0x34 ./Drivers/STM32G4xx_HAL_Driver/Src/stm32g4xx_hal_adc.o
                0x08004758                ADC_DMAError
 .text.LL_ADC_IsEnabled
                0x0800478c       0x26 ./Drivers/STM32G4xx_HAL_Driver/Src/stm32g4xx_hal_adc_ex.o
 .text.LL_ADC_REG_IsConversionOngoing
                0x080047b2       0x26 ./Drivers/STM32G4xx_HAL_Driver/Src/stm32g4xx_hal_adc_ex.o
 .text.HAL_ADCEx_MultiModeConfigChannel
                0x080047d8      0x1d0 ./Drivers/STM32G4xx_HAL_Driver/Src/stm32g4xx_hal_adc_ex.o
                0x080047d8                HAL_ADCEx_MultiModeConfigChannel
 .text.__NVIC_SetPriorityGrouping
                0x080049a8       0x48 ./Drivers/STM32G4xx_HAL_Driver/Src/stm32g4xx_hal_cortex.o
 .text.__NVIC_GetPriorityGrouping
                0x080049f0       0x1c ./Drivers/STM32G4xx_HAL_Driver/Src/stm32g4xx_hal_cortex.o
 .text.__NVIC_EnableIRQ
                0x08004a0c       0x3c ./Drivers/STM32G4xx_HAL_Driver/Src/stm32g4xx_hal_cortex.o
 .text.__NVIC_SetPriority
                0x08004a48       0x54 ./Drivers/STM32G4xx_HAL_Driver/Src/stm32g4xx_hal_cortex.o
 .text.NVIC_EncodePriority
                0x08004a9c       0x66 ./Drivers/STM32G4xx_HAL_Driver/Src/stm32g4xx_hal_cortex.o
 *fill*         0x08004b02        0x2 
 .text.SysTick_Config
                0x08004b04       0x44 ./Drivers/STM32G4xx_HAL_Driver/Src/stm32g4xx_hal_cortex.o
 .text.HAL_NVIC_SetPriorityGrouping
                0x08004b48       0x16 ./Drivers/STM32G4xx_HAL_Driver/Src/stm32g4xx_hal_cortex.o
                0x08004b48                HAL_NVIC_SetPriorityGrouping
 .text.HAL_NVIC_SetPriority
                0x08004b5e       0x34 ./Drivers/STM32G4xx_HAL_Driver/Src/stm32g4xx_hal_cortex.o
                0x08004b5e                HAL_NVIC_SetPriority
 .text.HAL_NVIC_EnableIRQ
                0x08004b92       0x1c ./Drivers/STM32G4xx_HAL_Driver/Src/stm32g4xx_hal_cortex.o
                0x08004b92                HAL_NVIC_EnableIRQ
 .text.HAL_SYSTICK_Config
                0x08004bae       0x18 ./Drivers/STM32G4xx_HAL_Driver/Src/stm32g4xx_hal_cortex.o
                0x08004bae                HAL_SYSTICK_Config
 *fill*         0x08004bc6        0x2 
 .text.HAL_DMA_Init
                0x08004bc8      0x150 ./Drivers/STM32G4xx_HAL_Driver/Src/stm32g4xx_hal_dma.o
                0x08004bc8                HAL_DMA_Init
 .text.HAL_DMA_Start_IT
                0x08004d18       0xf6 ./Drivers/STM32G4xx_HAL_Driver/Src/stm32g4xx_hal_dma.o
                0x08004d18                HAL_DMA_Start_IT
 .text.HAL_DMA_IRQHandler
                0x08004e0e      0x15e ./Drivers/STM32G4xx_HAL_Driver/Src/stm32g4xx_hal_dma.o
                0x08004e0e                HAL_DMA_IRQHandler
 .text.DMA_SetConfig
                0x08004f6c       0x7c ./Drivers/STM32G4xx_HAL_Driver/Src/stm32g4xx_hal_dma.o
 .text.DMA_CalcDMAMUXChannelBaseAndMask
                0x08004fe8       0x90 ./Drivers/STM32G4xx_HAL_Driver/Src/stm32g4xx_hal_dma.o
 .text.DMA_CalcDMAMUXRequestGenBaseAndMask
                0x08005078       0x4c ./Drivers/STM32G4xx_HAL_Driver/Src/stm32g4xx_hal_dma.o
 .text.HAL_GPIO_Init
                0x080050c4      0x318 ./Drivers/STM32G4xx_HAL_Driver/Src/stm32g4xx_hal_gpio.o
                0x080050c4                HAL_GPIO_Init
 .text.HAL_GPIO_WritePin
                0x080053dc       0x30 ./Drivers/STM32G4xx_HAL_Driver/Src/stm32g4xx_hal_gpio.o
                0x080053dc                HAL_GPIO_WritePin
 .text.HAL_PCD_Init
                0x0800540c      0x19c ./Drivers/STM32G4xx_HAL_Driver/Src/stm32g4xx_hal_pcd.o
                0x0800540c                HAL_PCD_Init
 .text.HAL_PCD_Start
                0x080055a8       0x44 ./Drivers/STM32G4xx_HAL_Driver/Src/stm32g4xx_hal_pcd.o
                0x080055a8                HAL_PCD_Start
 .text.HAL_PCD_IRQHandler
                0x080055ec      0x24e ./Drivers/STM32G4xx_HAL_Driver/Src/stm32g4xx_hal_pcd.o
                0x080055ec                HAL_PCD_IRQHandler
 .text.HAL_PCD_SetAddress
                0x0800583a       0x48 ./Drivers/STM32G4xx_HAL_Driver/Src/stm32g4xx_hal_pcd.o
                0x0800583a                HAL_PCD_SetAddress
 .text.HAL_PCD_EP_Open
                0x08005882       0xbe ./Drivers/STM32G4xx_HAL_Driver/Src/stm32g4xx_hal_pcd.o
                0x08005882                HAL_PCD_EP_Open
 .text.HAL_PCD_EP_Close
                0x08005940       0x90 ./Drivers/STM32G4xx_HAL_Driver/Src/stm32g4xx_hal_pcd.o
                0x08005940                HAL_PCD_EP_Close
 .text.HAL_PCD_EP_Receive
                0x080059d0       0x62 ./Drivers/STM32G4xx_HAL_Driver/Src/stm32g4xx_hal_pcd.o
                0x080059d0                HAL_PCD_EP_Receive
 .text.HAL_PCD_EP_GetRxCount
                0x08005a32       0x30 ./Drivers/STM32G4xx_HAL_Driver/Src/stm32g4xx_hal_pcd.o
                0x08005a32                HAL_PCD_EP_GetRxCount
 .text.HAL_PCD_EP_Transmit
                0x08005a62       0x6e ./Drivers/STM32G4xx_HAL_Driver/Src/stm32g4xx_hal_pcd.o
                0x08005a62                HAL_PCD_EP_Transmit
 .text.HAL_PCD_EP_SetStall
                0x08005ad0       0xa4 ./Drivers/STM32G4xx_HAL_Driver/Src/stm32g4xx_hal_pcd.o
                0x08005ad0                HAL_PCD_EP_SetStall
 .text.HAL_PCD_EP_ClrStall
                0x08005b74       0xa8 ./Drivers/STM32G4xx_HAL_Driver/Src/stm32g4xx_hal_pcd.o
                0x08005b74                HAL_PCD_EP_ClrStall
 .text.PCD_EP_ISR_Handler
                0x08005c1c      0x71c ./Drivers/STM32G4xx_HAL_Driver/Src/stm32g4xx_hal_pcd.o
 .text.HAL_PCD_EP_DB_Receive
                0x08006338      0x212 ./Drivers/STM32G4xx_HAL_Driver/Src/stm32g4xx_hal_pcd.o
 .text.HAL_PCD_EP_DB_Transmit
                0x0800654a      0x878 ./Drivers/STM32G4xx_HAL_Driver/Src/stm32g4xx_hal_pcd.o
 .text.HAL_PCDEx_PMAConfig
                0x08006dc2       0x86 ./Drivers/STM32G4xx_HAL_Driver/Src/stm32g4xx_hal_pcd_ex.o
                0x08006dc2                HAL_PCDEx_PMAConfig
 .text.HAL_PCDEx_ActivateLPM
                0x08006e48       0x54 ./Drivers/STM32G4xx_HAL_Driver/Src/stm32g4xx_hal_pcd_ex.o
                0x08006e48                HAL_PCDEx_ActivateLPM
 .text.HAL_PWREx_ControlVoltageScaling
                0x08006e9c      0x148 ./Drivers/STM32G4xx_HAL_Driver/Src/stm32g4xx_hal_pwr_ex.o
                0x08006e9c                HAL_PWREx_ControlVoltageScaling
 .text.HAL_PWREx_DisableUCPDDeadBattery
                0x08006fe4       0x20 ./Drivers/STM32G4xx_HAL_Driver/Src/stm32g4xx_hal_pwr_ex.o
                0x08006fe4                HAL_PWREx_DisableUCPDDeadBattery
 .text.HAL_RCC_OscConfig
                0x08007004      0x624 ./Drivers/STM32G4xx_HAL_Driver/Src/stm32g4xx_hal_rcc.o
                0x08007004                HAL_RCC_OscConfig
 .text.HAL_RCC_ClockConfig
                0x08007628      0x278 ./Drivers/STM32G4xx_HAL_Driver/Src/stm32g4xx_hal_rcc.o
                0x08007628                HAL_RCC_ClockConfig
 .text.HAL_RCC_GetSysClockFreq
                0x080078a0       0xc4 ./Drivers/STM32G4xx_HAL_Driver/Src/stm32g4xx_hal_rcc.o
                0x080078a0                HAL_RCC_GetSysClockFreq
 .text.RCC_GetSysClockFreqFromPLLSource
                0x08007964       0x8c ./Drivers/STM32G4xx_HAL_Driver/Src/stm32g4xx_hal_rcc.o
 .text.HAL_RCCEx_PeriphCLKConfig
                0x080079f0      0x478 ./Drivers/STM32G4xx_HAL_Driver/Src/stm32g4xx_hal_rcc_ex.o
                0x080079f0                HAL_RCCEx_PeriphCLKConfig
 .text.HAL_SPI_Init
                0x08007e68      0x156 ./Drivers/STM32G4xx_HAL_Driver/Src/stm32g4xx_hal_spi.o
                0x08007e68                HAL_SPI_Init
 .text.HAL_TIM_Base_Init
                0x08007fbe       0xae ./Drivers/STM32G4xx_HAL_Driver/Src/stm32g4xx_hal_tim.o
                0x08007fbe                HAL_TIM_Base_Init
 .text.HAL_TIM_Base_Start
                0x0800806c       0xd0 ./Drivers/STM32G4xx_HAL_Driver/Src/stm32g4xx_hal_tim.o
                0x0800806c                HAL_TIM_Base_Start
 .text.HAL_TIM_PWM_Init
                0x0800813c       0xae ./Drivers/STM32G4xx_HAL_Driver/Src/stm32g4xx_hal_tim.o
                0x0800813c                HAL_TIM_PWM_Init
 .text.HAL_TIM_PWM_MspInit
                0x080081ea       0x14 ./Drivers/STM32G4xx_HAL_Driver/Src/stm32g4xx_hal_tim.o
                0x080081ea                HAL_TIM_PWM_MspInit
 *fill*         0x080081fe        0x2 
 .text.HAL_TIM_PWM_Start
                0x08008200      0x218 ./Drivers/STM32G4xx_HAL_Driver/Src/stm32g4xx_hal_tim.o
                0x08008200                HAL_TIM_PWM_Start
 .text.HAL_TIM_PWM_ConfigChannel
                0x08008418      0x228 ./Drivers/STM32G4xx_HAL_Driver/Src/stm32g4xx_hal_tim.o
                0x08008418                HAL_TIM_PWM_ConfigChannel
 .text.HAL_TIM_ConfigClockSource
                0x08008640      0x208 ./Drivers/STM32G4xx_HAL_Driver/Src/stm32g4xx_hal_tim.o
                0x08008640                HAL_TIM_ConfigClockSource
 .text.TIM_Base_SetConfig
                0x08008848      0x148 ./Drivers/STM32G4xx_HAL_Driver/Src/stm32g4xx_hal_tim.o
                0x08008848                TIM_Base_SetConfig
 .text.TIM_OC1_SetConfig
                0x08008990      0x138 ./Drivers/STM32G4xx_HAL_Driver/Src/stm32g4xx_hal_tim.o
 .text.TIM_OC2_SetConfig
                0x08008ac8      0x12c ./Drivers/STM32G4xx_HAL_Driver/Src/stm32g4xx_hal_tim.o
                0x08008ac8                TIM_OC2_SetConfig
 .text.TIM_OC3_SetConfig
                0x08008bf4      0x128 ./Drivers/STM32G4xx_HAL_Driver/Src/stm32g4xx_hal_tim.o
 .text.TIM_OC4_SetConfig
                0x08008d1c      0x12c ./Drivers/STM32G4xx_HAL_Driver/Src/stm32g4xx_hal_tim.o
 .text.TIM_OC5_SetConfig
                0x08008e48       0xd4 ./Drivers/STM32G4xx_HAL_Driver/Src/stm32g4xx_hal_tim.o
 .text.TIM_OC6_SetConfig
                0x08008f1c       0xd8 ./Drivers/STM32G4xx_HAL_Driver/Src/stm32g4xx_hal_tim.o
 .text.TIM_TI1_ConfigInputStage
                0x08008ff4       0xb4 ./Drivers/STM32G4xx_HAL_Driver/Src/stm32g4xx_hal_tim.o
 .text.TIM_TI2_ConfigInputStage
                0x080090a8       0x90 ./Drivers/STM32G4xx_HAL_Driver/Src/stm32g4xx_hal_tim.o
 .text.TIM_ITRx_SetConfig
                0x08009138       0x3a ./Drivers/STM32G4xx_HAL_Driver/Src/stm32g4xx_hal_tim.o
 .text.TIM_ETR_SetConfig
                0x08009172       0x40 ./Drivers/STM32G4xx_HAL_Driver/Src/stm32g4xx_hal_tim.o
                0x08009172                TIM_ETR_SetConfig
 .text.TIM_CCxChannelCmd
                0x080091b2       0x4a ./Drivers/STM32G4xx_HAL_Driver/Src/stm32g4xx_hal_tim.o
                0x080091b2                TIM_CCxChannelCmd
 .text.HAL_TIMEx_MasterConfigSynchronization
                0x080091fc      0x11c ./Drivers/STM32G4xx_HAL_Driver/Src/stm32g4xx_hal_tim_ex.o
                0x080091fc                HAL_TIMEx_MasterConfigSynchronization
 .text.USB_EnableGlobalInt
                0x08009318       0x2e ./Drivers/STM32G4xx_HAL_Driver/Src/stm32g4xx_ll_usb.o
                0x08009318                USB_EnableGlobalInt
 .text.USB_DisableGlobalInt
                0x08009346       0x36 ./Drivers/STM32G4xx_HAL_Driver/Src/stm32g4xx_ll_usb.o
                0x08009346                USB_DisableGlobalInt
 .text.USB_DevInit
                0x0800937c       0x3c ./Drivers/STM32G4xx_HAL_Driver/Src/stm32g4xx_ll_usb.o
                0x0800937c                USB_DevInit
 .text.USB_ActivateEndpoint
                0x080093b8      0x9d0 ./Drivers/STM32G4xx_HAL_Driver/Src/stm32g4xx_ll_usb.o
                0x080093b8                USB_ActivateEndpoint
 .text.USB_DeactivateEndpoint
                0x08009d88      0x3da ./Drivers/STM32G4xx_HAL_Driver/Src/stm32g4xx_ll_usb.o
                0x08009d88                USB_DeactivateEndpoint
 .text.USB_EPStartXfer
                0x0800a162      0xb5e ./Drivers/STM32G4xx_HAL_Driver/Src/stm32g4xx_ll_usb.o
                0x0800a162                USB_EPStartXfer
 .text.USB_EPSetStall
                0x0800acc0       0xa2 ./Drivers/STM32G4xx_HAL_Driver/Src/stm32g4xx_ll_usb.o
                0x0800acc0                USB_EPSetStall
 .text.USB_EPClearStall
                0x0800ad62      0x152 ./Drivers/STM32G4xx_HAL_Driver/Src/stm32g4xx_ll_usb.o
                0x0800ad62                USB_EPClearStall
 .text.USB_SetDevAddress
                0x0800aeb4       0x28 ./Drivers/STM32G4xx_HAL_Driver/Src/stm32g4xx_ll_usb.o
                0x0800aeb4                USB_SetDevAddress
 .text.USB_DevConnect
                0x0800aedc       0x2e ./Drivers/STM32G4xx_HAL_Driver/Src/stm32g4xx_ll_usb.o
                0x0800aedc                USB_DevConnect
 .text.USB_ReadInterrupts
                0x0800af0a       0x20 ./Drivers/STM32G4xx_HAL_Driver/Src/stm32g4xx_ll_usb.o
                0x0800af0a                USB_ReadInterrupts
 .text.USB_WritePMA
                0x0800af2a       0x84 ./Drivers/STM32G4xx_HAL_Driver/Src/stm32g4xx_ll_usb.o
                0x0800af2a                USB_WritePMA
 .text.USB_ReadPMA
                0x0800afae       0x98 ./Drivers/STM32G4xx_HAL_Driver/Src/stm32g4xx_ll_usb.o
                0x0800afae                USB_ReadPMA
 .text.USBD_CDC_Init
                0x0800b046       0xfe ./Middlewares/ST/STM32_USB_Device_Library/Class/CDC/Src/usbd_cdc.o
 .text.USBD_CDC_DeInit
                0x0800b144       0x74 ./Middlewares/ST/STM32_USB_Device_Library/Class/CDC/Src/usbd_cdc.o
 .text.USBD_CDC_Setup
                0x0800b1b8      0x190 ./Middlewares/ST/STM32_USB_Device_Library/Class/CDC/Src/usbd_cdc.o
 .text.USBD_CDC_DataIn
                0x0800b348       0xca ./Middlewares/ST/STM32_USB_Device_Library/Class/CDC/Src/usbd_cdc.o
 .text.USBD_CDC_DataOut
                0x0800b412       0x56 ./Middlewares/ST/STM32_USB_Device_Library/Class/CDC/Src/usbd_cdc.o
 .text.USBD_CDC_EP0_RxReady
                0x0800b468       0x58 ./Middlewares/ST/STM32_USB_Device_Library/Class/CDC/Src/usbd_cdc.o
 .text.USBD_CDC_GetFSCfgDesc
                0x0800b4c0       0x20 ./Middlewares/ST/STM32_USB_Device_Library/Class/CDC/Src/usbd_cdc.o
 .text.USBD_CDC_GetHSCfgDesc
                0x0800b4e0       0x20 ./Middlewares/ST/STM32_USB_Device_Library/Class/CDC/Src/usbd_cdc.o
 .text.USBD_CDC_GetOtherSpeedCfgDesc
                0x0800b500       0x20 ./Middlewares/ST/STM32_USB_Device_Library/Class/CDC/Src/usbd_cdc.o
 .text.USBD_CDC_GetDeviceQualifierDescriptor
                0x0800b520       0x20 ./Middlewares/ST/STM32_USB_Device_Library/Class/CDC/Src/usbd_cdc.o
                0x0800b520                USBD_CDC_GetDeviceQualifierDescriptor
 .text.USBD_CDC_RegisterInterface
                0x0800b540       0x2a ./Middlewares/ST/STM32_USB_Device_Library/Class/CDC/Src/usbd_cdc.o
                0x0800b540                USBD_CDC_RegisterInterface
 .text.USBD_CDC_SetTxBuffer
                0x0800b56a       0x3c ./Middlewares/ST/STM32_USB_Device_Library/Class/CDC/Src/usbd_cdc.o
                0x0800b56a                USBD_CDC_SetTxBuffer
 .text.USBD_CDC_SetRxBuffer
                0x0800b5a6       0x32 ./Middlewares/ST/STM32_USB_Device_Library/Class/CDC/Src/usbd_cdc.o
                0x0800b5a6                USBD_CDC_SetRxBuffer
 .text.USBD_CDC_TransmitPacket
                0x0800b5d8       0x60 ./Middlewares/ST/STM32_USB_Device_Library/Class/CDC/Src/usbd_cdc.o
                0x0800b5d8                USBD_CDC_TransmitPacket
 .text.USBD_CDC_ReceivePacket
                0x0800b638       0x54 ./Middlewares/ST/STM32_USB_Device_Library/Class/CDC/Src/usbd_cdc.o
                0x0800b638                USBD_CDC_ReceivePacket
 .text.USBD_Init
                0x0800b68c       0x60 ./Middlewares/ST/STM32_USB_Device_Library/Core/Src/usbd_core.o
                0x0800b68c                USBD_Init
 .text.USBD_RegisterClass
                0x0800b6ec       0x4e ./Middlewares/ST/STM32_USB_Device_Library/Core/Src/usbd_core.o
                0x0800b6ec                USBD_RegisterClass
 .text.USBD_Start
                0x0800b73a       0x18 ./Middlewares/ST/STM32_USB_Device_Library/Core/Src/usbd_core.o
                0x0800b73a                USBD_Start
 .text.USBD_RunTestMode
                0x0800b752       0x16 ./Middlewares/ST/STM32_USB_Device_Library/Core/Src/usbd_core.o
                0x0800b752                USBD_RunTestMode
 .text.USBD_SetClassConfig
                0x0800b768       0x38 ./Middlewares/ST/STM32_USB_Device_Library/Core/Src/usbd_core.o
                0x0800b768                USBD_SetClassConfig
 .text.USBD_ClrClassConfig
                0x0800b7a0       0x30 ./Middlewares/ST/STM32_USB_Device_Library/Core/Src/usbd_core.o
                0x0800b7a0                USBD_ClrClassConfig
 .text.USBD_LL_SetupStage
                0x0800b7d0       0xaa ./Middlewares/ST/STM32_USB_Device_Library/Core/Src/usbd_core.o
                0x0800b7d0                USBD_LL_SetupStage
 .text.USBD_LL_DataOutStage
                0x0800b87a       0xc6 ./Middlewares/ST/STM32_USB_Device_Library/Core/Src/usbd_core.o
                0x0800b87a                USBD_LL_DataOutStage
 .text.USBD_LL_DataInStage
                0x0800b940      0x12c ./Middlewares/ST/STM32_USB_Device_Library/Core/Src/usbd_core.o
                0x0800b940                USBD_LL_DataInStage
 .text.USBD_LL_Reset
                0x0800ba6c       0x9c ./Middlewares/ST/STM32_USB_Device_Library/Core/Src/usbd_core.o
                0x0800ba6c                USBD_LL_Reset
 .text.USBD_LL_SetSpeed
                0x0800bb08       0x20 ./Middlewares/ST/STM32_USB_Device_Library/Core/Src/usbd_core.o
                0x0800bb08                USBD_LL_SetSpeed
 .text.USBD_LL_Suspend
                0x0800bb28       0x2c ./Middlewares/ST/STM32_USB_Device_Library/Core/Src/usbd_core.o
                0x0800bb28                USBD_LL_Suspend
 .text.USBD_LL_Resume
                0x0800bb54       0x30 ./Middlewares/ST/STM32_USB_Device_Library/Core/Src/usbd_core.o
                0x0800bb54                USBD_LL_Resume
 .text.USBD_LL_SOF
                0x0800bb84       0x44 ./Middlewares/ST/STM32_USB_Device_Library/Core/Src/usbd_core.o
                0x0800bb84                USBD_LL_SOF
 .text.SWAPBYTE
                0x0800bbc8       0x3c ./Middlewares/ST/STM32_USB_Device_Library/Core/Src/usbd_ctlreq.o
 .text.USBD_StdDevReq
                0x0800bc04       0xdc ./Middlewares/ST/STM32_USB_Device_Library/Core/Src/usbd_ctlreq.o
                0x0800bc04                USBD_StdDevReq
 .text.USBD_StdItfReq
                0x0800bce0       0x92 ./Middlewares/ST/STM32_USB_Device_Library/Core/Src/usbd_ctlreq.o
                0x0800bce0                USBD_StdItfReq
 .text.USBD_StdEPReq
                0x0800bd72      0x2c4 ./Middlewares/ST/STM32_USB_Device_Library/Core/Src/usbd_ctlreq.o
                0x0800bd72                USBD_StdEPReq
 *fill*         0x0800c036        0x2 
 .text.USBD_GetDescriptor
                0x0800c038      0x328 ./Middlewares/ST/STM32_USB_Device_Library/Core/Src/usbd_ctlreq.o
 .text.USBD_SetAddress
                0x0800c360       0x88 ./Middlewares/ST/STM32_USB_Device_Library/Core/Src/usbd_ctlreq.o
 .text.USBD_SetConfig
                0x0800c3e8      0x14c ./Middlewares/ST/STM32_USB_Device_Library/Core/Src/usbd_ctlreq.o
 .text.USBD_GetConfig
                0x0800c534       0x6c ./Middlewares/ST/STM32_USB_Device_Library/Core/Src/usbd_ctlreq.o
 .text.USBD_GetStatus
                0x0800c5a0       0x68 ./Middlewares/ST/STM32_USB_Device_Library/Core/Src/usbd_ctlreq.o
 .text.USBD_SetFeature
                0x0800c608       0x28 ./Middlewares/ST/STM32_USB_Device_Library/Core/Src/usbd_ctlreq.o
 .text.USBD_ClrFeature
                0x0800c630       0x44 ./Middlewares/ST/STM32_USB_Device_Library/Core/Src/usbd_ctlreq.o
 .text.USBD_ParseSetupRequest
                0x0800c674       0x74 ./Middlewares/ST/STM32_USB_Device_Library/Core/Src/usbd_ctlreq.o
                0x0800c674                USBD_ParseSetupRequest
 .text.USBD_CtlError
                0x0800c6e8       0x22 ./Middlewares/ST/STM32_USB_Device_Library/Core/Src/usbd_ctlreq.o
                0x0800c6e8                USBD_CtlError
 .text.USBD_GetString
                0x0800c70a       0x8c ./Middlewares/ST/STM32_USB_Device_Library/Core/Src/usbd_ctlreq.o
                0x0800c70a                USBD_GetString
 .text.USBD_GetLen
                0x0800c796       0x34 ./Middlewares/ST/STM32_USB_Device_Library/Core/Src/usbd_ctlreq.o
 .text.USBD_CtlSendData
                0x0800c7ca       0x36 ./Middlewares/ST/STM32_USB_Device_Library/Core/Src/usbd_ioreq.o
                0x0800c7ca                USBD_CtlSendData
 .text.USBD_CtlContinueSendData
                0x0800c800       0x22 ./Middlewares/ST/STM32_USB_Device_Library/Core/Src/usbd_ioreq.o
                0x0800c800                USBD_CtlContinueSendData
 .text.USBD_CtlPrepareRx
                0x0800c822       0x3a ./Middlewares/ST/STM32_USB_Device_Library/Core/Src/usbd_ioreq.o
                0x0800c822                USBD_CtlPrepareRx
 .text.USBD_CtlContinueRx
                0x0800c85c       0x22 ./Middlewares/ST/STM32_USB_Device_Library/Core/Src/usbd_ioreq.o
                0x0800c85c                USBD_CtlContinueRx
 .text.USBD_CtlSendStatus
                0x0800c87e       0x26 ./Middlewares/ST/STM32_USB_Device_Library/Core/Src/usbd_ioreq.o
                0x0800c87e                USBD_CtlSendStatus
 .text.USBD_CtlReceiveStatus
                0x0800c8a4       0x26 ./Middlewares/ST/STM32_USB_Device_Library/Core/Src/usbd_ioreq.o
                0x0800c8a4                USBD_CtlReceiveStatus
 *fill*         0x0800c8ca        0x2 
 .text.MX_USB_Device_Init
                0x0800c8cc       0x60 ./USB_Device/App/usb_device.o
                0x0800c8cc                MX_USB_Device_Init
 .text.CDC_Init_FS
                0x0800c92c       0x28 ./USB_Device/App/usbd_cdc_if.o
 .text.CDC_DeInit_FS
                0x0800c954       0x10 ./USB_Device/App/usbd_cdc_if.o
 .text.CDC_Control_FS
                0x0800c964       0xbc ./USB_Device/App/usbd_cdc_if.o
 .text.CDC_Receive_FS
                0x0800ca20       0x34 ./USB_Device/App/usbd_cdc_if.o
 .text.CDC_Transmit_FS
                0x0800ca54       0x4c ./USB_Device/App/usbd_cdc_if.o
                0x0800ca54                CDC_Transmit_FS
 .text.CDC_TransmitCplt_FS
                0x0800caa0       0x22 ./USB_Device/App/usbd_cdc_if.o
 *fill*         0x0800cac2        0x2 
 .text.USBD_CDC_DeviceDescriptor
                0x0800cac4       0x24 ./USB_Device/App/usbd_desc.o
                0x0800cac4                USBD_CDC_DeviceDescriptor
 .text.USBD_CDC_LangIDStrDescriptor
                0x0800cae8       0x24 ./USB_Device/App/usbd_desc.o
                0x0800cae8                USBD_CDC_LangIDStrDescriptor
 .text.USBD_CDC_ProductStrDescriptor
                0x0800cb0c       0x3c ./USB_Device/App/usbd_desc.o
                0x0800cb0c                USBD_CDC_ProductStrDescriptor
 .text.USBD_CDC_ManufacturerStrDescriptor
                0x0800cb48       0x28 ./USB_Device/App/usbd_desc.o
                0x0800cb48                USBD_CDC_ManufacturerStrDescriptor
 .text.USBD_CDC_SerialStrDescriptor
                0x0800cb70       0x24 ./USB_Device/App/usbd_desc.o
                0x0800cb70                USBD_CDC_SerialStrDescriptor
 .text.USBD_CDC_ConfigStrDescriptor
                0x0800cb94       0x3c ./USB_Device/App/usbd_desc.o
                0x0800cb94                USBD_CDC_ConfigStrDescriptor
 .text.USBD_CDC_InterfaceStrDescriptor
                0x0800cbd0       0x3c ./USB_Device/App/usbd_desc.o
                0x0800cbd0                USBD_CDC_InterfaceStrDescriptor
 .text.Get_SerialNum
                0x0800cc0c       0x58 ./USB_Device/App/usbd_desc.o
 .text.IntToUnicode
                0x0800cc64       0x7e ./USB_Device/App/usbd_desc.o
 *fill*         0x0800cce2        0x2 
 .text.HAL_PCD_MspInit
                0x0800cce4       0x78 ./USB_Device/Target/usbd_conf.o
                0x0800cce4                HAL_PCD_MspInit
 .text.HAL_PCD_SetupStageCallback
                0x0800cd5c       0x24 ./USB_Device/Target/usbd_conf.o
                0x0800cd5c                HAL_PCD_SetupStageCallback
 .text.HAL_PCD_DataOutStageCallback
                0x0800cd80       0x36 ./USB_Device/Target/usbd_conf.o
                0x0800cd80                HAL_PCD_DataOutStageCallback
 .text.HAL_PCD_DataInStageCallback
                0x0800cdb6       0x34 ./USB_Device/Target/usbd_conf.o
                0x0800cdb6                HAL_PCD_DataInStageCallback
 .text.HAL_PCD_SOFCallback
                0x0800cdea       0x1c ./USB_Device/Target/usbd_conf.o
                0x0800cdea                HAL_PCD_SOFCallback
 .text.HAL_PCD_ResetCallback
                0x0800ce06       0x3c ./USB_Device/Target/usbd_conf.o
                0x0800ce06                HAL_PCD_ResetCallback
 *fill*         0x0800ce42        0x2 
 .text.HAL_PCD_SuspendCallback
                0x0800ce44       0x34 ./USB_Device/Target/usbd_conf.o
                0x0800ce44                HAL_PCD_SuspendCallback
 .text.HAL_PCD_ResumeCallback
                0x0800ce78       0x38 ./USB_Device/Target/usbd_conf.o
                0x0800ce78                HAL_PCD_ResumeCallback
 .text.USBD_LL_Init
                0x0800ceb0       0xc0 ./USB_Device/Target/usbd_conf.o
                0x0800ceb0                USBD_LL_Init
 .text.USBD_LL_Start
                0x0800cf70       0x36 ./USB_Device/Target/usbd_conf.o
                0x0800cf70                USBD_LL_Start
 .text.USBD_LL_OpenEP
                0x0800cfa6       0x4c ./USB_Device/Target/usbd_conf.o
                0x0800cfa6                USBD_LL_OpenEP
 .text.USBD_LL_CloseEP
                0x0800cff2       0x3e ./USB_Device/Target/usbd_conf.o
                0x0800cff2                USBD_LL_CloseEP
 .text.USBD_LL_StallEP
                0x0800d030       0x3e ./USB_Device/Target/usbd_conf.o
                0x0800d030                USBD_LL_StallEP
 .text.USBD_LL_ClearStallEP
                0x0800d06e       0x3e ./USB_Device/Target/usbd_conf.o
                0x0800d06e                USBD_LL_ClearStallEP
 .text.USBD_LL_IsStallEP
                0x0800d0ac       0x58 ./USB_Device/Target/usbd_conf.o
                0x0800d0ac                USBD_LL_IsStallEP
 .text.USBD_LL_SetUSBAddress
                0x0800d104       0x3e ./USB_Device/Target/usbd_conf.o
                0x0800d104                USBD_LL_SetUSBAddress
 .text.USBD_LL_Transmit
                0x0800d142       0x42 ./USB_Device/Target/usbd_conf.o
                0x0800d142                USBD_LL_Transmit
 .text.USBD_LL_PrepareReceive
                0x0800d184       0x42 ./USB_Device/Target/usbd_conf.o
                0x0800d184                USBD_LL_PrepareReceive
 .text.USBD_LL_GetRxDataSize
                0x0800d1c6       0x26 ./USB_Device/Target/usbd_conf.o
                0x0800d1c6                USBD_LL_GetRxDataSize
 .text.HAL_PCDEx_LPM_Callback
                0x0800d1ec       0x6c ./USB_Device/Target/usbd_conf.o
                0x0800d1ec                HAL_PCDEx_LPM_Callback
 .text.USBD_static_malloc
                0x0800d258       0x1c ./USB_Device/Target/usbd_conf.o
                0x0800d258                USBD_static_malloc
 .text.USBD_static_free
                0x0800d274       0x14 ./USB_Device/Target/usbd_conf.o
                0x0800d274                USBD_static_free
 .text.SystemClockConfig_Resume
                0x0800d288        0xc ./USB_Device/Target/usbd_conf.o
 .text.USBD_Get_USB_Status
                0x0800d294       0x58 ./USB_Device/Target/usbd_conf.o
 .text.__cvt    0x0800d2ec       0xca C:/ST/STM32CubeIDE_1.16.1/STM32CubeIDE/plugins/com.st.stm32cube.ide.mcu.externaltools.gnu-tools-for-stm32.12.3.rel1.win32_1.0.200.202406191623/tools/bin/../lib/gcc/arm-none-eabi/12.3.1/../../../../arm-none-eabi/lib/thumb/v7e-m+fp/hard\libc_nano.a(libc_a-nano-vfprintf_float.o)
                0x0800d2ec                __cvt
 .text.__exponent
                0x0800d3b6       0x74 C:/ST/STM32CubeIDE_1.16.1/STM32CubeIDE/plugins/com.st.stm32cube.ide.mcu.externaltools.gnu-tools-for-stm32.12.3.rel1.win32_1.0.200.202406191623/tools/bin/../lib/gcc/arm-none-eabi/12.3.1/../../../../arm-none-eabi/lib/thumb/v7e-m+fp/hard\libc_nano.a(libc_a-nano-vfprintf_float.o)
                0x0800d3b6                __exponent
 *fill*         0x0800d42a        0x2 
 .text._printf_float
                0x0800d42c      0x454 C:/ST/STM32CubeIDE_1.16.1/STM32CubeIDE/plugins/com.st.stm32cube.ide.mcu.externaltools.gnu-tools-for-stm32.12.3.rel1.win32_1.0.200.202406191623/tools/bin/../lib/gcc/arm-none-eabi/12.3.1/../../../../arm-none-eabi/lib/thumb/v7e-m+fp/hard\libc_nano.a(libc_a-nano-vfprintf_float.o)
                0x0800d42c                _printf_float
 .text._printf_common
                0x0800d880       0xda C:/ST/STM32CubeIDE_1.16.1/STM32CubeIDE/plugins/com.st.stm32cube.ide.mcu.externaltools.gnu-tools-for-stm32.12.3.rel1.win32_1.0.200.202406191623/tools/bin/../lib/gcc/arm-none-eabi/12.3.1/../../../../arm-none-eabi/lib/thumb/v7e-m+fp/hard\libc_nano.a(libc_a-nano-vfprintf_i.o)
                0x0800d880                _printf_common
 *fill*         0x0800d95a        0x2 
 .text._printf_i
                0x0800d95c      0x240 C:/ST/STM32CubeIDE_1.16.1/STM32CubeIDE/plugins/com.st.stm32cube.ide.mcu.externaltools.gnu-tools-for-stm32.12.3.rel1.win32_1.0.200.202406191623/tools/bin/../lib/gcc/arm-none-eabi/12.3.1/../../../../arm-none-eabi/lib/thumb/v7e-m+fp/hard\libc_nano.a(libc_a-nano-vfprintf_i.o)
                0x0800d95c                _printf_i
 .text._scanf_float
                0x0800db9c      0x428 C:/ST/STM32CubeIDE_1.16.1/STM32CubeIDE/plugins/com.st.stm32cube.ide.mcu.externaltools.gnu-tools-for-stm32.12.3.rel1.win32_1.0.200.202406191623/tools/bin/../lib/gcc/arm-none-eabi/12.3.1/../../../../arm-none-eabi/lib/thumb/v7e-m+fp/hard\libc_nano.a(libc_a-nano-vfscanf_float.o)
                0x0800db9c                _scanf_float
 .text.std      0x0800dfc4       0x6c C:/ST/STM32CubeIDE_1.16.1/STM32CubeIDE/plugins/com.st.stm32cube.ide.mcu.externaltools.gnu-tools-for-stm32.12.3.rel1.win32_1.0.200.202406191623/tools/bin/../lib/gcc/arm-none-eabi/12.3.1/../../../../arm-none-eabi/lib/thumb/v7e-m+fp/hard\libc_nano.a(libc_a-findfp.o)
 .text.stdio_exit_handler
                0x0800e030       0x18 C:/ST/STM32CubeIDE_1.16.1/STM32CubeIDE/plugins/com.st.stm32cube.ide.mcu.externaltools.gnu-tools-for-stm32.12.3.rel1.win32_1.0.200.202406191623/tools/bin/../lib/gcc/arm-none-eabi/12.3.1/../../../../arm-none-eabi/lib/thumb/v7e-m+fp/hard\libc_nano.a(libc_a-findfp.o)
 .text.cleanup_stdio
                0x0800e048       0x40 C:/ST/STM32CubeIDE_1.16.1/STM32CubeIDE/plugins/com.st.stm32cube.ide.mcu.externaltools.gnu-tools-for-stm32.12.3.rel1.win32_1.0.200.202406191623/tools/bin/../lib/gcc/arm-none-eabi/12.3.1/../../../../arm-none-eabi/lib/thumb/v7e-m+fp/hard\libc_nano.a(libc_a-findfp.o)
 .text.global_stdio_init.part.0
                0x0800e088       0x3c C:/ST/STM32CubeIDE_1.16.1/STM32CubeIDE/plugins/com.st.stm32cube.ide.mcu.externaltools.gnu-tools-for-stm32.12.3.rel1.win32_1.0.200.202406191623/tools/bin/../lib/gcc/arm-none-eabi/12.3.1/../../../../arm-none-eabi/lib/thumb/v7e-m+fp/hard\libc_nano.a(libc_a-findfp.o)
 .text.__sfp_lock_acquire
                0x0800e0c4        0xc C:/ST/STM32CubeIDE_1.16.1/STM32CubeIDE/plugins/com.st.stm32cube.ide.mcu.externaltools.gnu-tools-for-stm32.12.3.rel1.win32_1.0.200.202406191623/tools/bin/../lib/gcc/arm-none-eabi/12.3.1/../../../../arm-none-eabi/lib/thumb/v7e-m+fp/hard\libc_nano.a(libc_a-findfp.o)
                0x0800e0c4                __sfp_lock_acquire
 .text.__sfp_lock_release
                0x0800e0d0        0xc C:/ST/STM32CubeIDE_1.16.1/STM32CubeIDE/plugins/com.st.stm32cube.ide.mcu.externaltools.gnu-tools-for-stm32.12.3.rel1.win32_1.0.200.202406191623/tools/bin/../lib/gcc/arm-none-eabi/12.3.1/../../../../arm-none-eabi/lib/thumb/v7e-m+fp/hard\libc_nano.a(libc_a-findfp.o)
                0x0800e0d0                __sfp_lock_release
 .text.__sinit  0x0800e0dc       0x30 C:/ST/STM32CubeIDE_1.16.1/STM32CubeIDE/plugins/com.st.stm32cube.ide.mcu.externaltools.gnu-tools-for-stm32.12.3.rel1.win32_1.0.200.202406191623/tools/bin/../lib/gcc/arm-none-eabi/12.3.1/../../../../arm-none-eabi/lib/thumb/v7e-m+fp/hard\libc_nano.a(libc_a-findfp.o)
                0x0800e0dc                __sinit
 .text._fwalk_sglue
                0x0800e10c       0x3c C:/ST/STM32CubeIDE_1.16.1/STM32CubeIDE/plugins/com.st.stm32cube.ide.mcu.externaltools.gnu-tools-for-stm32.12.3.rel1.win32_1.0.200.202406191623/tools/bin/../lib/gcc/arm-none-eabi/12.3.1/../../../../arm-none-eabi/lib/thumb/v7e-m+fp/hard\libc_nano.a(libc_a-fwalk.o)
                0x0800e10c                _fwalk_sglue
 .text.sprintf  0x0800e148       0x40 C:/ST/STM32CubeIDE_1.16.1/STM32CubeIDE/plugins/com.st.stm32cube.ide.mcu.externaltools.gnu-tools-for-stm32.12.3.rel1.win32_1.0.200.202406191623/tools/bin/../lib/gcc/arm-none-eabi/12.3.1/../../../../arm-none-eabi/lib/thumb/v7e-m+fp/hard\libc_nano.a(libc_a-sprintf.o)
                0x0800e148                siprintf
                0x0800e148                sprintf
 .text.sscanf   0x0800e188       0x54 C:/ST/STM32CubeIDE_1.16.1/STM32CubeIDE/plugins/com.st.stm32cube.ide.mcu.externaltools.gnu-tools-for-stm32.12.3.rel1.win32_1.0.200.202406191623/tools/bin/../lib/gcc/arm-none-eabi/12.3.1/../../../../arm-none-eabi/lib/thumb/v7e-m+fp/hard\libc_nano.a(libc_a-sscanf.o)
                0x0800e188                siscanf
                0x0800e188                sscanf
 .text.__sread  0x0800e1dc       0x22 C:/ST/STM32CubeIDE_1.16.1/STM32CubeIDE/plugins/com.st.stm32cube.ide.mcu.externaltools.gnu-tools-for-stm32.12.3.rel1.win32_1.0.200.202406191623/tools/bin/../lib/gcc/arm-none-eabi/12.3.1/../../../../arm-none-eabi/lib/thumb/v7e-m+fp/hard\libc_nano.a(libc_a-stdio.o)
                0x0800e1dc                __sread
 .text.__seofread
                0x0800e1fe        0x4 C:/ST/STM32CubeIDE_1.16.1/STM32CubeIDE/plugins/com.st.stm32cube.ide.mcu.externaltools.gnu-tools-for-stm32.12.3.rel1.win32_1.0.200.202406191623/tools/bin/../lib/gcc/arm-none-eabi/12.3.1/../../../../arm-none-eabi/lib/thumb/v7e-m+fp/hard\libc_nano.a(libc_a-stdio.o)
                0x0800e1fe                __seofread
 .text.__swrite
                0x0800e202       0x38 C:/ST/STM32CubeIDE_1.16.1/STM32CubeIDE/plugins/com.st.stm32cube.ide.mcu.externaltools.gnu-tools-for-stm32.12.3.rel1.win32_1.0.200.202406191623/tools/bin/../lib/gcc/arm-none-eabi/12.3.1/../../../../arm-none-eabi/lib/thumb/v7e-m+fp/hard\libc_nano.a(libc_a-stdio.o)
                0x0800e202                __swrite
 .text.__sseek  0x0800e23a       0x24 C:/ST/STM32CubeIDE_1.16.1/STM32CubeIDE/plugins/com.st.stm32cube.ide.mcu.externaltools.gnu-tools-for-stm32.12.3.rel1.win32_1.0.200.202406191623/tools/bin/../lib/gcc/arm-none-eabi/12.3.1/../../../../arm-none-eabi/lib/thumb/v7e-m+fp/hard\libc_nano.a(libc_a-stdio.o)
                0x0800e23a                __sseek
 .text.__sclose
                0x0800e25e        0x8 C:/ST/STM32CubeIDE_1.16.1/STM32CubeIDE/plugins/com.st.stm32cube.ide.mcu.externaltools.gnu-tools-for-stm32.12.3.rel1.win32_1.0.200.202406191623/tools/bin/../lib/gcc/arm-none-eabi/12.3.1/../../../../arm-none-eabi/lib/thumb/v7e-m+fp/hard\libc_nano.a(libc_a-stdio.o)
                0x0800e25e                __sclose
 .text._vsnprintf_r
                0x0800e266       0x56 C:/ST/STM32CubeIDE_1.16.1/STM32CubeIDE/plugins/com.st.stm32cube.ide.mcu.externaltools.gnu-tools-for-stm32.12.3.rel1.win32_1.0.200.202406191623/tools/bin/../lib/gcc/arm-none-eabi/12.3.1/../../../../arm-none-eabi/lib/thumb/v7e-m+fp/hard\libc_nano.a(libc_a-vsnprintf.o)
                0x0800e266                _vsniprintf_r
                0x0800e266                _vsnprintf_r
 .text.vsnprintf
                0x0800e2bc       0x1c C:/ST/STM32CubeIDE_1.16.1/STM32CubeIDE/plugins/com.st.stm32cube.ide.mcu.externaltools.gnu-tools-for-stm32.12.3.rel1.win32_1.0.200.202406191623/tools/bin/../lib/gcc/arm-none-eabi/12.3.1/../../../../arm-none-eabi/lib/thumb/v7e-m+fp/hard\libc_nano.a(libc_a-vsnprintf.o)
                0x0800e2bc                vsniprintf
                0x0800e2bc                vsnprintf
 .text.memset   0x0800e2d8       0x10 C:/ST/STM32CubeIDE_1.16.1/STM32CubeIDE/plugins/com.st.stm32cube.ide.mcu.externaltools.gnu-tools-for-stm32.12.3.rel1.win32_1.0.200.202406191623/tools/bin/../lib/gcc/arm-none-eabi/12.3.1/../../../../arm-none-eabi/lib/thumb/v7e-m+fp/hard\libc_nano.a(libc_a-memset.o)
                0x0800e2d8                memset
 .text._localeconv_r
                0x0800e2e8        0x8 C:/ST/STM32CubeIDE_1.16.1/STM32CubeIDE/plugins/com.st.stm32cube.ide.mcu.externaltools.gnu-tools-for-stm32.12.3.rel1.win32_1.0.200.202406191623/tools/bin/../lib/gcc/arm-none-eabi/12.3.1/../../../../arm-none-eabi/lib/thumb/v7e-m+fp/hard\libc_nano.a(libc_a-localeconv.o)
                0x0800e2e8                _localeconv_r
 .text._close_r
                0x0800e2f0       0x20 C:/ST/STM32CubeIDE_1.16.1/STM32CubeIDE/plugins/com.st.stm32cube.ide.mcu.externaltools.gnu-tools-for-stm32.12.3.rel1.win32_1.0.200.202406191623/tools/bin/../lib/gcc/arm-none-eabi/12.3.1/../../../../arm-none-eabi/lib/thumb/v7e-m+fp/hard\libc_nano.a(libc_a-closer.o)
                0x0800e2f0                _close_r
 .text._lseek_r
                0x0800e310       0x24 C:/ST/STM32CubeIDE_1.16.1/STM32CubeIDE/plugins/com.st.stm32cube.ide.mcu.externaltools.gnu-tools-for-stm32.12.3.rel1.win32_1.0.200.202406191623/tools/bin/../lib/gcc/arm-none-eabi/12.3.1/../../../../arm-none-eabi/lib/thumb/v7e-m+fp/hard\libc_nano.a(libc_a-lseekr.o)
                0x0800e310                _lseek_r
 .text._read_r  0x0800e334       0x24 C:/ST/STM32CubeIDE_1.16.1/STM32CubeIDE/plugins/com.st.stm32cube.ide.mcu.externaltools.gnu-tools-for-stm32.12.3.rel1.win32_1.0.200.202406191623/tools/bin/../lib/gcc/arm-none-eabi/12.3.1/../../../../arm-none-eabi/lib/thumb/v7e-m+fp/hard\libc_nano.a(libc_a-readr.o)
                0x0800e334                _read_r
 .text._write_r
                0x0800e358       0x24 C:/ST/STM32CubeIDE_1.16.1/STM32CubeIDE/plugins/com.st.stm32cube.ide.mcu.externaltools.gnu-tools-for-stm32.12.3.rel1.win32_1.0.200.202406191623/tools/bin/../lib/gcc/arm-none-eabi/12.3.1/../../../../arm-none-eabi/lib/thumb/v7e-m+fp/hard\libc_nano.a(libc_a-writer.o)
                0x0800e358                _write_r
 .text.__errno  0x0800e37c        0xc C:/ST/STM32CubeIDE_1.16.1/STM32CubeIDE/plugins/com.st.stm32cube.ide.mcu.externaltools.gnu-tools-for-stm32.12.3.rel1.win32_1.0.200.202406191623/tools/bin/../lib/gcc/arm-none-eabi/12.3.1/../../../../arm-none-eabi/lib/thumb/v7e-m+fp/hard\libc_nano.a(libc_a-errno.o)
                0x0800e37c                __errno
 .text.__libc_init_array
                0x0800e388       0x48 C:/ST/STM32CubeIDE_1.16.1/STM32CubeIDE/plugins/com.st.stm32cube.ide.mcu.externaltools.gnu-tools-for-stm32.12.3.rel1.win32_1.0.200.202406191623/tools/bin/../lib/gcc/arm-none-eabi/12.3.1/../../../../arm-none-eabi/lib/thumb/v7e-m+fp/hard\libc_nano.a(libc_a-init.o)
                0x0800e388                __libc_init_array
 .text.__retarget_lock_init_recursive
                0x0800e3d0        0x2 C:/ST/STM32CubeIDE_1.16.1/STM32CubeIDE/plugins/com.st.stm32cube.ide.mcu.externaltools.gnu-tools-for-stm32.12.3.rel1.win32_1.0.200.202406191623/tools/bin/../lib/gcc/arm-none-eabi/12.3.1/../../../../arm-none-eabi/lib/thumb/v7e-m+fp/hard\libc_nano.a(libc_a-lock.o)
                0x0800e3d0                __retarget_lock_init_recursive
 .text.__retarget_lock_acquire_recursive
                0x0800e3d2        0x2 C:/ST/STM32CubeIDE_1.16.1/STM32CubeIDE/plugins/com.st.stm32cube.ide.mcu.externaltools.gnu-tools-for-stm32.12.3.rel1.win32_1.0.200.202406191623/tools/bin/../lib/gcc/arm-none-eabi/12.3.1/../../../../arm-none-eabi/lib/thumb/v7e-m+fp/hard\libc_nano.a(libc_a-lock.o)
                0x0800e3d2                __retarget_lock_acquire_recursive
 .text.__retarget_lock_release_recursive
                0x0800e3d4        0x2 C:/ST/STM32CubeIDE_1.16.1/STM32CubeIDE/plugins/com.st.stm32cube.ide.mcu.externaltools.gnu-tools-for-stm32.12.3.rel1.win32_1.0.200.202406191623/tools/bin/../lib/gcc/arm-none-eabi/12.3.1/../../../../arm-none-eabi/lib/thumb/v7e-m+fp/hard\libc_nano.a(libc_a-lock.o)
                0x0800e3d4                __retarget_lock_release_recursive
 .text.memcpy   0x0800e3d6       0x1c C:/ST/STM32CubeIDE_1.16.1/STM32CubeIDE/plugins/com.st.stm32cube.ide.mcu.externaltools.gnu-tools-for-stm32.12.3.rel1.win32_1.0.200.202406191623/tools/bin/../lib/gcc/arm-none-eabi/12.3.1/../../../../arm-none-eabi/lib/thumb/v7e-m+fp/hard\libc_nano.a(libc_a-memcpy-stub.o)
                0x0800e3d6                memcpy
 *fill*         0x0800e3f2        0x2 
 .text.nanf     0x0800e3f4        0xc C:/ST/STM32CubeIDE_1.16.1/STM32CubeIDE/plugins/com.st.stm32cube.ide.mcu.externaltools.gnu-tools-for-stm32.12.3.rel1.win32_1.0.200.202406191623/tools/bin/../lib/gcc/arm-none-eabi/12.3.1/../../../../arm-none-eabi/lib/thumb/v7e-m+fp/hard\libc_nano.a(libm_a-sf_nan.o)
                0x0800e3f4                nanf
 .text.quorem   0x0800e400      0x110 C:/ST/STM32CubeIDE_1.16.1/STM32CubeIDE/plugins/com.st.stm32cube.ide.mcu.externaltools.gnu-tools-for-stm32.12.3.rel1.win32_1.0.200.202406191623/tools/bin/../lib/gcc/arm-none-eabi/12.3.1/../../../../arm-none-eabi/lib/thumb/v7e-m+fp/hard\libc_nano.a(libc_a-dtoa.o)
 .text._dtoa_r  0x0800e510      0xb88 C:/ST/STM32CubeIDE_1.16.1/STM32CubeIDE/plugins/com.st.stm32cube.ide.mcu.externaltools.gnu-tools-for-stm32.12.3.rel1.win32_1.0.200.202406191623/tools/bin/../lib/gcc/arm-none-eabi/12.3.1/../../../../arm-none-eabi/lib/thumb/v7e-m+fp/hard\libc_nano.a(libc_a-dtoa.o)
                0x0800e510                _dtoa_r
 .text._free_r  0x0800f098       0x94 C:/ST/STM32CubeIDE_1.16.1/STM32CubeIDE/plugins/com.st.stm32cube.ide.mcu.externaltools.gnu-tools-for-stm32.12.3.rel1.win32_1.0.200.202406191623/tools/bin/../lib/gcc/arm-none-eabi/12.3.1/../../../../arm-none-eabi/lib/thumb/v7e-m+fp/hard\libc_nano.a(libc_a-freer.o)
                0x0800f098                _free_r
 .text.malloc   0x0800f12c       0x10 C:/ST/STM32CubeIDE_1.16.1/STM32CubeIDE/plugins/com.st.stm32cube.ide.mcu.externaltools.gnu-tools-for-stm32.12.3.rel1.win32_1.0.200.202406191623/tools/bin/../lib/gcc/arm-none-eabi/12.3.1/../../../../arm-none-eabi/lib/thumb/v7e-m+fp/hard\libc_nano.a(libc_a-malloc.o)
                0x0800f12c                malloc
 .text.sbrk_aligned
                0x0800f13c       0x44 C:/ST/STM32CubeIDE_1.16.1/STM32CubeIDE/plugins/com.st.stm32cube.ide.mcu.externaltools.gnu-tools-for-stm32.12.3.rel1.win32_1.0.200.202406191623/tools/bin/../lib/gcc/arm-none-eabi/12.3.1/../../../../arm-none-eabi/lib/thumb/v7e-m+fp/hard\libc_nano.a(libc_a-mallocr.o)
 .text._malloc_r
                0x0800f180      0x100 C:/ST/STM32CubeIDE_1.16.1/STM32CubeIDE/plugins/com.st.stm32cube.ide.mcu.externaltools.gnu-tools-for-stm32.12.3.rel1.win32_1.0.200.202406191623/tools/bin/../lib/gcc/arm-none-eabi/12.3.1/../../../../arm-none-eabi/lib/thumb/v7e-m+fp/hard\libc_nano.a(libc_a-mallocr.o)
                0x0800f180                _malloc_r
 .text.__malloc_lock
                0x0800f280        0xc C:/ST/STM32CubeIDE_1.16.1/STM32CubeIDE/plugins/com.st.stm32cube.ide.mcu.externaltools.gnu-tools-for-stm32.12.3.rel1.win32_1.0.200.202406191623/tools/bin/../lib/gcc/arm-none-eabi/12.3.1/../../../../arm-none-eabi/lib/thumb/v7e-m+fp/hard\libc_nano.a(libc_a-mlock.o)
                0x0800f280                __malloc_lock
 .text.__malloc_unlock
                0x0800f28c        0xc C:/ST/STM32CubeIDE_1.16.1/STM32CubeIDE/plugins/com.st.stm32cube.ide.mcu.externaltools.gnu-tools-for-stm32.12.3.rel1.win32_1.0.200.202406191623/tools/bin/../lib/gcc/arm-none-eabi/12.3.1/../../../../arm-none-eabi/lib/thumb/v7e-m+fp/hard\libc_nano.a(libc_a-mlock.o)
                0x0800f28c                __malloc_unlock
 .text._Balloc  0x0800f298       0x80 C:/ST/STM32CubeIDE_1.16.1/STM32CubeIDE/plugins/com.st.stm32cube.ide.mcu.externaltools.gnu-tools-for-stm32.12.3.rel1.win32_1.0.200.202406191623/tools/bin/../lib/gcc/arm-none-eabi/12.3.1/../../../../arm-none-eabi/lib/thumb/v7e-m+fp/hard\libc_nano.a(libc_a-mprec.o)
                0x0800f298                _Balloc
 .text._Bfree   0x0800f318       0x44 C:/ST/STM32CubeIDE_1.16.1/STM32CubeIDE/plugins/com.st.stm32cube.ide.mcu.externaltools.gnu-tools-for-stm32.12.3.rel1.win32_1.0.200.202406191623/tools/bin/../lib/gcc/arm-none-eabi/12.3.1/../../../../arm-none-eabi/lib/thumb/v7e-m+fp/hard\libc_nano.a(libc_a-mprec.o)
                0x0800f318                _Bfree
 .text.__multadd
                0x0800f35c       0x8c C:/ST/STM32CubeIDE_1.16.1/STM32CubeIDE/plugins/com.st.stm32cube.ide.mcu.externaltools.gnu-tools-for-stm32.12.3.rel1.win32_1.0.200.202406191623/tools/bin/../lib/gcc/arm-none-eabi/12.3.1/../../../../arm-none-eabi/lib/thumb/v7e-m+fp/hard\libc_nano.a(libc_a-mprec.o)
                0x0800f35c                __multadd
 .text.__s2b    0x0800f3e8       0x94 C:/ST/STM32CubeIDE_1.16.1/STM32CubeIDE/plugins/com.st.stm32cube.ide.mcu.externaltools.gnu-tools-for-stm32.12.3.rel1.win32_1.0.200.202406191623/tools/bin/../lib/gcc/arm-none-eabi/12.3.1/../../../../arm-none-eabi/lib/thumb/v7e-m+fp/hard\libc_nano.a(libc_a-mprec.o)
                0x0800f3e8                __s2b
 .text.__hi0bits
                0x0800f47c       0x3e C:/ST/STM32CubeIDE_1.16.1/STM32CubeIDE/plugins/com.st.stm32cube.ide.mcu.externaltools.gnu-tools-for-stm32.12.3.rel1.win32_1.0.200.202406191623/tools/bin/../lib/gcc/arm-none-eabi/12.3.1/../../../../arm-none-eabi/lib/thumb/v7e-m+fp/hard\libc_nano.a(libc_a-mprec.o)
                0x0800f47c                __hi0bits
 .text.__lo0bits
                0x0800f4ba       0x5a C:/ST/STM32CubeIDE_1.16.1/STM32CubeIDE/plugins/com.st.stm32cube.ide.mcu.externaltools.gnu-tools-for-stm32.12.3.rel1.win32_1.0.200.202406191623/tools/bin/../lib/gcc/arm-none-eabi/12.3.1/../../../../arm-none-eabi/lib/thumb/v7e-m+fp/hard\libc_nano.a(libc_a-mprec.o)
                0x0800f4ba                __lo0bits
 .text.__i2b    0x0800f514       0x2c C:/ST/STM32CubeIDE_1.16.1/STM32CubeIDE/plugins/com.st.stm32cube.ide.mcu.externaltools.gnu-tools-for-stm32.12.3.rel1.win32_1.0.200.202406191623/tools/bin/../lib/gcc/arm-none-eabi/12.3.1/../../../../arm-none-eabi/lib/thumb/v7e-m+fp/hard\libc_nano.a(libc_a-mprec.o)
                0x0800f514                __i2b
 .text.__multiply
                0x0800f540      0x154 C:/ST/STM32CubeIDE_1.16.1/STM32CubeIDE/plugins/com.st.stm32cube.ide.mcu.externaltools.gnu-tools-for-stm32.12.3.rel1.win32_1.0.200.202406191623/tools/bin/../lib/gcc/arm-none-eabi/12.3.1/../../../../arm-none-eabi/lib/thumb/v7e-m+fp/hard\libc_nano.a(libc_a-mprec.o)
                0x0800f540                __multiply
 .text.__pow5mult
                0x0800f694       0xb4 C:/ST/STM32CubeIDE_1.16.1/STM32CubeIDE/plugins/com.st.stm32cube.ide.mcu.externaltools.gnu-tools-for-stm32.12.3.rel1.win32_1.0.200.202406191623/tools/bin/../lib/gcc/arm-none-eabi/12.3.1/../../../../arm-none-eabi/lib/thumb/v7e-m+fp/hard\libc_nano.a(libc_a-mprec.o)
                0x0800f694                __pow5mult
 .text.__lshift
                0x0800f748       0xd8 C:/ST/STM32CubeIDE_1.16.1/STM32CubeIDE/plugins/com.st.stm32cube.ide.mcu.externaltools.gnu-tools-for-stm32.12.3.rel1.win32_1.0.200.202406191623/tools/bin/../lib/gcc/arm-none-eabi/12.3.1/../../../../arm-none-eabi/lib/thumb/v7e-m+fp/hard\libc_nano.a(libc_a-mprec.o)
                0x0800f748                __lshift
 .text.__mcmp   0x0800f820       0x36 C:/ST/STM32CubeIDE_1.16.1/STM32CubeIDE/plugins/com.st.stm32cube.ide.mcu.externaltools.gnu-tools-for-stm32.12.3.rel1.win32_1.0.200.202406191623/tools/bin/../lib/gcc/arm-none-eabi/12.3.1/../../../../arm-none-eabi/lib/thumb/v7e-m+fp/hard\libc_nano.a(libc_a-mprec.o)
                0x0800f820                __mcmp
 *fill*         0x0800f856        0x2 
 .text.__mdiff  0x0800f858      0x128 C:/ST/STM32CubeIDE_1.16.1/STM32CubeIDE/plugins/com.st.stm32cube.ide.mcu.externaltools.gnu-tools-for-stm32.12.3.rel1.win32_1.0.200.202406191623/tools/bin/../lib/gcc/arm-none-eabi/12.3.1/../../../../arm-none-eabi/lib/thumb/v7e-m+fp/hard\libc_nano.a(libc_a-mprec.o)
                0x0800f858                __mdiff
 .text.__ulp    0x0800f980       0x4c C:/ST/STM32CubeIDE_1.16.1/STM32CubeIDE/plugins/com.st.stm32cube.ide.mcu.externaltools.gnu-tools-for-stm32.12.3.rel1.win32_1.0.200.202406191623/tools/bin/../lib/gcc/arm-none-eabi/12.3.1/../../../../arm-none-eabi/lib/thumb/v7e-m+fp/hard\libc_nano.a(libc_a-mprec.o)
                0x0800f980                __ulp
 .text.__b2d    0x0800f9cc       0x94 C:/ST/STM32CubeIDE_1.16.1/STM32CubeIDE/plugins/com.st.stm32cube.ide.mcu.externaltools.gnu-tools-for-stm32.12.3.rel1.win32_1.0.200.202406191623/tools/bin/../lib/gcc/arm-none-eabi/12.3.1/../../../../arm-none-eabi/lib/thumb/v7e-m+fp/hard\libc_nano.a(libc_a-mprec.o)
                0x0800f9cc                __b2d
 .text.__d2b    0x0800fa60       0xb0 C:/ST/STM32CubeIDE_1.16.1/STM32CubeIDE/plugins/com.st.stm32cube.ide.mcu.externaltools.gnu-tools-for-stm32.12.3.rel1.win32_1.0.200.202406191623/tools/bin/../lib/gcc/arm-none-eabi/12.3.1/../../../../arm-none-eabi/lib/thumb/v7e-m+fp/hard\libc_nano.a(libc_a-mprec.o)
                0x0800fa60                __d2b
 .text.__ratio  0x0800fb10       0x64 C:/ST/STM32CubeIDE_1.16.1/STM32CubeIDE/plugins/com.st.stm32cube.ide.mcu.externaltools.gnu-tools-for-stm32.12.3.rel1.win32_1.0.200.202406191623/tools/bin/../lib/gcc/arm-none-eabi/12.3.1/../../../../arm-none-eabi/lib/thumb/v7e-m+fp/hard\libc_nano.a(libc_a-mprec.o)
                0x0800fb10                __ratio
 .text.__copybits
                0x0800fb74       0x46 C:/ST/STM32CubeIDE_1.16.1/STM32CubeIDE/plugins/com.st.stm32cube.ide.mcu.externaltools.gnu-tools-for-stm32.12.3.rel1.win32_1.0.200.202406191623/tools/bin/../lib/gcc/arm-none-eabi/12.3.1/../../../../arm-none-eabi/lib/thumb/v7e-m+fp/hard\libc_nano.a(libc_a-mprec.o)
                0x0800fb74                __copybits
 .text.__any_on
                0x0800fbba       0x42 C:/ST/STM32CubeIDE_1.16.1/STM32CubeIDE/plugins/com.st.stm32cube.ide.mcu.externaltools.gnu-tools-for-stm32.12.3.rel1.win32_1.0.200.202406191623/tools/bin/../lib/gcc/arm-none-eabi/12.3.1/../../../../arm-none-eabi/lib/thumb/v7e-m+fp/hard\libc_nano.a(libc_a-mprec.o)
                0x0800fbba                __any_on
 .text.sulp     0x0800fbfc       0x3c C:/ST/STM32CubeIDE_1.16.1/STM32CubeIDE/plugins/com.st.stm32cube.ide.mcu.externaltools.gnu-tools-for-stm32.12.3.rel1.win32_1.0.200.202406191623/tools/bin/../lib/gcc/arm-none-eabi/12.3.1/../../../../arm-none-eabi/lib/thumb/v7e-m+fp/hard\libc_nano.a(libc_a-strtod.o)
 .text._strtod_l
                0x0800fc38      0xbc8 C:/ST/STM32CubeIDE_1.16.1/STM32CubeIDE/plugins/com.st.stm32cube.ide.mcu.externaltools.gnu-tools-for-stm32.12.3.rel1.win32_1.0.200.202406191623/tools/bin/../lib/gcc/arm-none-eabi/12.3.1/../../../../arm-none-eabi/lib/thumb/v7e-m+fp/hard\libc_nano.a(libc_a-strtod.o)
                0x0800fc38                _strtod_l
 .text._strtod_r
                0x08010800        0xc C:/ST/STM32CubeIDE_1.16.1/STM32CubeIDE/plugins/com.st.stm32cube.ide.mcu.externaltools.gnu-tools-for-stm32.12.3.rel1.win32_1.0.200.202406191623/tools/bin/../lib/gcc/arm-none-eabi/12.3.1/../../../../arm-none-eabi/lib/thumb/v7e-m+fp/hard\libc_nano.a(libc_a-strtod.o)
                0x08010800                _strtod_r
 .text._strtol_l.constprop.0
                0x0801080c       0xf4 C:/ST/STM32CubeIDE_1.16.1/STM32CubeIDE/plugins/com.st.stm32cube.ide.mcu.externaltools.gnu-tools-for-stm32.12.3.rel1.win32_1.0.200.202406191623/tools/bin/../lib/gcc/arm-none-eabi/12.3.1/../../../../arm-none-eabi/lib/thumb/v7e-m+fp/hard\libc_nano.a(libc_a-strtol.o)
 .text._strtol_r
                0x08010900        0x4 C:/ST/STM32CubeIDE_1.16.1/STM32CubeIDE/plugins/com.st.stm32cube.ide.mcu.externaltools.gnu-tools-for-stm32.12.3.rel1.win32_1.0.200.202406191623/tools/bin/../lib/gcc/arm-none-eabi/12.3.1/../../../../arm-none-eabi/lib/thumb/v7e-m+fp/hard\libc_nano.a(libc_a-strtol.o)
                0x08010900                _strtol_r
 .text.__ssputs_r
                0x08010904       0xb6 C:/ST/STM32CubeIDE_1.16.1/STM32CubeIDE/plugins/com.st.stm32cube.ide.mcu.externaltools.gnu-tools-for-stm32.12.3.rel1.win32_1.0.200.202406191623/tools/bin/../lib/gcc/arm-none-eabi/12.3.1/../../../../arm-none-eabi/lib/thumb/v7e-m+fp/hard\libc_nano.a(libc_a-nano-svfprintf.o)
                0x08010904                __ssputs_r
 *fill*         0x080109ba        0x2 
 .text._svfprintf_r
                0x080109bc      0x1f8 C:/ST/STM32CubeIDE_1.16.1/STM32CubeIDE/plugins/com.st.stm32cube.ide.mcu.externaltools.gnu-tools-for-stm32.12.3.rel1.win32_1.0.200.202406191623/tools/bin/../lib/gcc/arm-none-eabi/12.3.1/../../../../arm-none-eabi/lib/thumb/v7e-m+fp/hard\libc_nano.a(libc_a-nano-svfprintf.o)
                0x080109bc                _svfiprintf_r
                0x080109bc                _svfprintf_r
 .text._sungetc_r
                0x08010bb4       0x76 C:/ST/STM32CubeIDE_1.16.1/STM32CubeIDE/plugins/com.st.stm32cube.ide.mcu.externaltools.gnu-tools-for-stm32.12.3.rel1.win32_1.0.200.202406191623/tools/bin/../lib/gcc/arm-none-eabi/12.3.1/../../../../arm-none-eabi/lib/thumb/v7e-m+fp/hard\libc_nano.a(libc_a-nano-svfscanf.o)
                0x08010bb4                _sungetc_r
 .text.__ssrefill_r
                0x08010c2a       0x3a C:/ST/STM32CubeIDE_1.16.1/STM32CubeIDE/plugins/com.st.stm32cube.ide.mcu.externaltools.gnu-tools-for-stm32.12.3.rel1.win32_1.0.200.202406191623/tools/bin/../lib/gcc/arm-none-eabi/12.3.1/../../../../arm-none-eabi/lib/thumb/v7e-m+fp/hard\libc_nano.a(libc_a-nano-svfscanf.o)
                0x08010c2a                __ssrefill_r
 .text.__ssvfscanf_r
                0x08010c64      0x2e8 C:/ST/STM32CubeIDE_1.16.1/STM32CubeIDE/plugins/com.st.stm32cube.ide.mcu.externaltools.gnu-tools-for-stm32.12.3.rel1.win32_1.0.200.202406191623/tools/bin/../lib/gcc/arm-none-eabi/12.3.1/../../../../arm-none-eabi/lib/thumb/v7e-m+fp/hard\libc_nano.a(libc_a-nano-svfscanf.o)
                0x08010c64                __ssvfiscanf_r
                0x08010c64                __ssvfscanf_r
 .text._scanf_chars
                0x08010f4c       0xb4 C:/ST/STM32CubeIDE_1.16.1/STM32CubeIDE/plugins/com.st.stm32cube.ide.mcu.externaltools.gnu-tools-for-stm32.12.3.rel1.win32_1.0.200.202406191623/tools/bin/../lib/gcc/arm-none-eabi/12.3.1/../../../../arm-none-eabi/lib/thumb/v7e-m+fp/hard\libc_nano.a(libc_a-nano-vfscanf_i.o)
                0x08010f4c                _scanf_chars
 .text._scanf_i
                0x08011000      0x1e8 C:/ST/STM32CubeIDE_1.16.1/STM32CubeIDE/plugins/com.st.stm32cube.ide.mcu.externaltools.gnu-tools-for-stm32.12.3.rel1.win32_1.0.200.202406191623/tools/bin/../lib/gcc/arm-none-eabi/12.3.1/../../../../arm-none-eabi/lib/thumb/v7e-m+fp/hard\libc_nano.a(libc_a-nano-vfscanf_i.o)
                0x08011000                _scanf_i
 .text.__sflush_r
                0x080111e8      0x108 C:/ST/STM32CubeIDE_1.16.1/STM32CubeIDE/plugins/com.st.stm32cube.ide.mcu.externaltools.gnu-tools-for-stm32.12.3.rel1.win32_1.0.200.202406191623/tools/bin/../lib/gcc/arm-none-eabi/12.3.1/../../../../arm-none-eabi/lib/thumb/v7e-m+fp/hard\libc_nano.a(libc_a-fflush.o)
                0x080111e8                __sflush_r
 .text._fflush_r
                0x080112f0       0x50 C:/ST/STM32CubeIDE_1.16.1/STM32CubeIDE/plugins/com.st.stm32cube.ide.mcu.externaltools.gnu-tools-for-stm32.12.3.rel1.win32_1.0.200.202406191623/tools/bin/../lib/gcc/arm-none-eabi/12.3.1/../../../../arm-none-eabi/lib/thumb/v7e-m+fp/hard\libc_nano.a(libc_a-fflush.o)
                0x080112f0                _fflush_r
 .text.__sccl   0x08011340       0x72 C:/ST/STM32CubeIDE_1.16.1/STM32CubeIDE/plugins/com.st.stm32cube.ide.mcu.externaltools.gnu-tools-for-stm32.12.3.rel1.win32_1.0.200.202406191623/tools/bin/../lib/gcc/arm-none-eabi/12.3.1/../../../../arm-none-eabi/lib/thumb/v7e-m+fp/hard\libc_nano.a(libc_a-sccl.o)
                0x08011340                __sccl
 .text.__submore
                0x080113b2       0x74 C:/ST/STM32CubeIDE_1.16.1/STM32CubeIDE/plugins/com.st.stm32cube.ide.mcu.externaltools.gnu-tools-for-stm32.12.3.rel1.win32_1.0.200.202406191623/tools/bin/../lib/gcc/arm-none-eabi/12.3.1/../../../../arm-none-eabi/lib/thumb/v7e-m+fp/hard\libc_nano.a(libc_a-ungetc.o)
                0x080113b2                __submore
 .text.memmove  0x08011426       0x34 C:/ST/STM32CubeIDE_1.16.1/STM32CubeIDE/plugins/com.st.stm32cube.ide.mcu.externaltools.gnu-tools-for-stm32.12.3.rel1.win32_1.0.200.202406191623/tools/bin/../lib/gcc/arm-none-eabi/12.3.1/../../../../arm-none-eabi/lib/thumb/v7e-m+fp/hard\libc_nano.a(libc_a-memmove.o)
                0x08011426                memmove
 .text.strncmp  0x0801145a       0x24 C:/ST/STM32CubeIDE_1.16.1/STM32CubeIDE/plugins/com.st.stm32cube.ide.mcu.externaltools.gnu-tools-for-stm32.12.3.rel1.win32_1.0.200.202406191623/tools/bin/../lib/gcc/arm-none-eabi/12.3.1/../../../../arm-none-eabi/lib/thumb/v7e-m+fp/hard\libc_nano.a(libc_a-strncmp.o)
                0x0801145a                strncmp
 *fill*         0x0801147e        0x2 
 .text._sbrk_r  0x08011480       0x20 C:/ST/STM32CubeIDE_1.16.1/STM32CubeIDE/plugins/com.st.stm32cube.ide.mcu.externaltools.gnu-tools-for-stm32.12.3.rel1.win32_1.0.200.202406191623/tools/bin/../lib/gcc/arm-none-eabi/12.3.1/../../../../arm-none-eabi/lib/thumb/v7e-m+fp/hard\libc_nano.a(libc_a-sbrkr.o)
                0x08011480                _sbrk_r
 .text.nan      0x080114a0       0x10 C:/ST/STM32CubeIDE_1.16.1/STM32CubeIDE/plugins/com.st.stm32cube.ide.mcu.externaltools.gnu-tools-for-stm32.12.3.rel1.win32_1.0.200.202406191623/tools/bin/../lib/gcc/arm-none-eabi/12.3.1/../../../../arm-none-eabi/lib/thumb/v7e-m+fp/hard\libc_nano.a(libm_a-s_nan.o)
                0x080114a0                nan
 .text.__assert_func
                0x080114b0       0x3c C:/ST/STM32CubeIDE_1.16.1/STM32CubeIDE/plugins/com.st.stm32cube.ide.mcu.externaltools.gnu-tools-for-stm32.12.3.rel1.win32_1.0.200.202406191623/tools/bin/../lib/gcc/arm-none-eabi/12.3.1/../../../../arm-none-eabi/lib/thumb/v7e-m+fp/hard\libc_nano.a(libc_a-assert.o)
                0x080114b0                __assert_func
 .text._calloc_r
                0x080114ec       0x28 C:/ST/STM32CubeIDE_1.16.1/STM32CubeIDE/plugins/com.st.stm32cube.ide.mcu.externaltools.gnu-tools-for-stm32.12.3.rel1.win32_1.0.200.202406191623/tools/bin/../lib/gcc/arm-none-eabi/12.3.1/../../../../arm-none-eabi/lib/thumb/v7e-m+fp/hard\libc_nano.a(libc_a-callocr.o)
                0x080114ec                _calloc_r
 .text.rshift   0x08011514       0xa4 C:/ST/STM32CubeIDE_1.16.1/STM32CubeIDE/plugins/com.st.stm32cube.ide.mcu.externaltools.gnu-tools-for-stm32.12.3.rel1.win32_1.0.200.202406191623/tools/bin/../lib/gcc/arm-none-eabi/12.3.1/../../../../arm-none-eabi/lib/thumb/v7e-m+fp/hard\libc_nano.a(libc_a-gdtoa-gethex.o)
 .text.__hexdig_fun
                0x080115b8       0x2a C:/ST/STM32CubeIDE_1.16.1/STM32CubeIDE/plugins/com.st.stm32cube.ide.mcu.externaltools.gnu-tools-for-stm32.12.3.rel1.win32_1.0.200.202406191623/tools/bin/../lib/gcc/arm-none-eabi/12.3.1/../../../../arm-none-eabi/lib/thumb/v7e-m+fp/hard\libc_nano.a(libc_a-gdtoa-gethex.o)
                0x080115b8                __hexdig_fun
 *fill*         0x080115e2        0x2 
 .text.__gethex
                0x080115e4      0x420 C:/ST/STM32CubeIDE_1.16.1/STM32CubeIDE/plugins/com.st.stm32cube.ide.mcu.externaltools.gnu-tools-for-stm32.12.3.rel1.win32_1.0.200.202406191623/tools/bin/../lib/gcc/arm-none-eabi/12.3.1/../../../../arm-none-eabi/lib/thumb/v7e-m+fp/hard\libc_nano.a(libc_a-gdtoa-gethex.o)
                0x080115e4                __gethex
 .text.L_shift  0x08011a04       0x24 C:/ST/STM32CubeIDE_1.16.1/STM32CubeIDE/plugins/com.st.stm32cube.ide.mcu.externaltools.gnu-tools-for-stm32.12.3.rel1.win32_1.0.200.202406191623/tools/bin/../lib/gcc/arm-none-eabi/12.3.1/../../../../arm-none-eabi/lib/thumb/v7e-m+fp/hard\libc_nano.a(libc_a-gdtoa-hexnan.o)
 .text.__match  0x08011a28       0x28 C:/ST/STM32CubeIDE_1.16.1/STM32CubeIDE/plugins/com.st.stm32cube.ide.mcu.externaltools.gnu-tools-for-stm32.12.3.rel1.win32_1.0.200.202406191623/tools/bin/../lib/gcc/arm-none-eabi/12.3.1/../../../../arm-none-eabi/lib/thumb/v7e-m+fp/hard\libc_nano.a(libc_a-gdtoa-hexnan.o)
                0x08011a28                __match
 .text.__hexnan
                0x08011a50      0x136 C:/ST/STM32CubeIDE_1.16.1/STM32CubeIDE/plugins/com.st.stm32cube.ide.mcu.externaltools.gnu-tools-for-stm32.12.3.rel1.win32_1.0.200.202406191623/tools/bin/../lib/gcc/arm-none-eabi/12.3.1/../../../../arm-none-eabi/lib/thumb/v7e-m+fp/hard\libc_nano.a(libc_a-gdtoa-hexnan.o)
                0x08011a50                __hexnan
 .text.__ascii_mbtowc
                0x08011b86       0x24 C:/ST/STM32CubeIDE_1.16.1/STM32CubeIDE/plugins/com.st.stm32cube.ide.mcu.externaltools.gnu-tools-for-stm32.12.3.rel1.win32_1.0.200.202406191623/tools/bin/../lib/gcc/arm-none-eabi/12.3.1/../../../../arm-none-eabi/lib/thumb/v7e-m+fp/hard\libc_nano.a(libc_a-mbtowc_r.o)
                0x08011b86                __ascii_mbtowc
 .text._realloc_r
                0x08011baa       0x5c C:/ST/STM32CubeIDE_1.16.1/STM32CubeIDE/plugins/com.st.stm32cube.ide.mcu.externaltools.gnu-tools-for-stm32.12.3.rel1.win32_1.0.200.202406191623/tools/bin/../lib/gcc/arm-none-eabi/12.3.1/../../../../arm-none-eabi/lib/thumb/v7e-m+fp/hard\libc_nano.a(libc_a-reallocr.o)
                0x08011baa                _realloc_r
 *fill*         0x08011c06        0x2 
 .text._strtoul_l.constprop.0
                0x08011c08       0xdc C:/ST/STM32CubeIDE_1.16.1/STM32CubeIDE/plugins/com.st.stm32cube.ide.mcu.externaltools.gnu-tools-for-stm32.12.3.rel1.win32_1.0.200.202406191623/tools/bin/../lib/gcc/arm-none-eabi/12.3.1/../../../../arm-none-eabi/lib/thumb/v7e-m+fp/hard\libc_nano.a(libc_a-strtoul.o)
 .text._strtoul_r
                0x08011ce4        0x4 C:/ST/STM32CubeIDE_1.16.1/STM32CubeIDE/plugins/com.st.stm32cube.ide.mcu.externaltools.gnu-tools-for-stm32.12.3.rel1.win32_1.0.200.202406191623/tools/bin/../lib/gcc/arm-none-eabi/12.3.1/../../../../arm-none-eabi/lib/thumb/v7e-m+fp/hard\libc_nano.a(libc_a-strtoul.o)
                0x08011ce4                _strtoul_r
 .text.__ascii_wctomb
                0x08011ce8       0x1a C:/ST/STM32CubeIDE_1.16.1/STM32CubeIDE/plugins/com.st.stm32cube.ide.mcu.externaltools.gnu-tools-for-stm32.12.3.rel1.win32_1.0.200.202406191623/tools/bin/../lib/gcc/arm-none-eabi/12.3.1/../../../../arm-none-eabi/lib/thumb/v7e-m+fp/hard\libc_nano.a(libc_a-wctomb_r.o)
                0x08011ce8                __ascii_wctomb
 *fill*         0x08011d02        0x2 
 .text.fprintf  0x08011d04       0x24 C:/ST/STM32CubeIDE_1.16.1/STM32CubeIDE/plugins/com.st.stm32cube.ide.mcu.externaltools.gnu-tools-for-stm32.12.3.rel1.win32_1.0.200.202406191623/tools/bin/../lib/gcc/arm-none-eabi/12.3.1/../../../../arm-none-eabi/lib/thumb/v7e-m+fp/hard\libc_nano.a(libc_a-fprintf.o)
                0x08011d04                fiprintf
                0x08011d04                fprintf